Component: ARM Compiler 5.06 update 4 (build 422) Tool: armlink [4d35d2]

==============================================================================

Section Cross References

    startup_stm32f407xx.o(STACK) refers (Special) to heapauxi.o(.text) for __use_two_region_memory
    startup_stm32f407xx.o(HEAP) refers (Special) to heapauxi.o(.text) for __use_two_region_memory
    startup_stm32f407xx.o(RESET) refers (Special) to heapauxi.o(.text) for __use_two_region_memory
    startup_stm32f407xx.o(RESET) refers to startup_stm32f407xx.o(STACK) for __initial_sp
    startup_stm32f407xx.o(RESET) refers to startup_stm32f407xx.o(.text) for Reset_Handler
    startup_stm32f407xx.o(RESET) refers to stm32f4xx_it.o(i.NMI_Handler) for NMI_Handler
    startup_stm32f407xx.o(RESET) refers to stm32f4xx_it.o(i.HardFault_Handler) for HardFault_Handler
    startup_stm32f407xx.o(RESET) refers to stm32f4xx_it.o(i.MemManage_Handler) for MemManage_Handler
    startup_stm32f407xx.o(RESET) refers to stm32f4xx_it.o(i.BusFault_Handler) for BusFault_Handler
    startup_stm32f407xx.o(RESET) refers to stm32f4xx_it.o(i.UsageFault_Handler) for UsageFault_Handler
    startup_stm32f407xx.o(RESET) refers to port.o(.emb_text) for SVC_Handler
    startup_stm32f407xx.o(RESET) refers to stm32f4xx_it.o(i.DebugMon_Handler) for DebugMon_Handler
    startup_stm32f407xx.o(RESET) refers to stm32f4xx_it.o(i.SysTick_Handler) for SysTick_Handler
    startup_stm32f407xx.o(RESET) refers to stm32f4xx_it.o(i.EXTI0_IRQHandler) for EXTI0_IRQHandler
    startup_stm32f407xx.o(RESET) refers to stm32f4xx_it.o(i.EXTI3_IRQHandler) for EXTI3_IRQHandler
    startup_stm32f407xx.o(RESET) refers to stm32f4xx_it.o(i.EXTI4_IRQHandler) for EXTI4_IRQHandler
    startup_stm32f407xx.o(RESET) refers to stm32f4xx_it.o(i.CAN1_RX0_IRQHandler) for CAN1_RX0_IRQHandler
    startup_stm32f407xx.o(RESET) refers to stm32f4xx_it.o(i.EXTI9_5_IRQHandler) for EXTI9_5_IRQHandler
    startup_stm32f407xx.o(RESET) refers to stm32f4xx_it.o(i.USART1_IRQHandler) for USART1_IRQHandler
    startup_stm32f407xx.o(RESET) refers to remote_control.o(i.USART3_IRQHandler) for USART3_IRQHandler
    startup_stm32f407xx.o(RESET) refers to bsp_i2c.o(i.DMA1_Stream7_IRQHandler) for DMA1_Stream7_IRQHandler
    startup_stm32f407xx.o(RESET) refers to stm32f4xx_it.o(i.DMA2_Stream1_IRQHandler) for DMA2_Stream1_IRQHandler
    startup_stm32f407xx.o(RESET) refers to ins_task.o(i.DMA2_Stream2_IRQHandler) for DMA2_Stream2_IRQHandler
    startup_stm32f407xx.o(RESET) refers to stm32f4xx_it.o(i.CAN2_RX0_IRQHandler) for CAN2_RX0_IRQHandler
    startup_stm32f407xx.o(RESET) refers to stm32f4xx_it.o(i.OTG_FS_IRQHandler) for OTG_FS_IRQHandler
    startup_stm32f407xx.o(RESET) refers to stm32f4xx_it.o(i.DMA2_Stream6_IRQHandler) for DMA2_Stream6_IRQHandler
    startup_stm32f407xx.o(RESET) refers to stm32f4xx_it.o(i.DMA2_Stream7_IRQHandler) for DMA2_Stream7_IRQHandler
    startup_stm32f407xx.o(RESET) refers to referee_usart_task.o(i.USART6_IRQHandler) for USART6_IRQHandler
    startup_stm32f407xx.o(.text) refers (Special) to heapauxi.o(.text) for __use_two_region_memory
    startup_stm32f407xx.o(.text) refers to system_stm32f4xx.o(i.SystemInit) for SystemInit
    startup_stm32f407xx.o(.text) refers to __main.o(!!!main) for __main
    startup_stm32f407xx.o(.text) refers to startup_stm32f407xx.o(HEAP) for Heap_Mem
    startup_stm32f407xx.o(.text) refers to startup_stm32f407xx.o(STACK) for Stack_Mem
    main.o(i.HAL_UART_RxCpltCallback) refers to stm32f4xx_hal_uart.o(i.HAL_UART_Receive_IT) for HAL_UART_Receive_IT
    main.o(i.HAL_UART_RxCpltCallback) refers to main.o(.bss) for receive_data
    main.o(i.HAL_UART_RxCpltCallback) refers to usart.o(.bss) for huart1
    main.o(i.SystemClock_Config) refers to rt_memclr_w.o(.text) for __aeabi_memclr4
    main.o(i.SystemClock_Config) refers to stm32f4xx_hal_rcc.o(i.HAL_RCC_OscConfig) for HAL_RCC_OscConfig
    main.o(i.SystemClock_Config) refers to main.o(i.Error_Handler) for Error_Handler
    main.o(i.SystemClock_Config) refers to stm32f4xx_hal_rcc.o(i.HAL_RCC_ClockConfig) for HAL_RCC_ClockConfig
    main.o(i.SystemClock_Config) refers to stm32f4xx_hal_rcc_ex.o(i.HAL_RCCEx_PeriphCLKConfig) for HAL_RCCEx_PeriphCLKConfig
    main.o(i.main) refers to stm32f4xx_hal.o(i.HAL_Init) for HAL_Init
    main.o(i.main) refers to stm32f4xx_hal_tim.o(i.HAL_TIM_Base_Start) for HAL_TIM_Base_Start
    main.o(i.main) refers to stm32f4xx_hal_tim.o(i.HAL_TIM_PWM_Start) for HAL_TIM_PWM_Start
    main.o(i.main) refers to main.o(i.SystemClock_Config) for SystemClock_Config
    main.o(i.main) refers to gpio.o(i.MX_GPIO_Init) for MX_GPIO_Init
    main.o(i.main) refers to dma.o(i.MX_DMA_Init) for MX_DMA_Init
    main.o(i.main) refers to adc.o(i.MX_ADC1_Init) for MX_ADC1_Init
    main.o(i.main) refers to adc.o(i.MX_ADC3_Init) for MX_ADC3_Init
    main.o(i.main) refers to can.o(i.MX_CAN1_Init) for MX_CAN1_Init
    main.o(i.main) refers to can.o(i.MX_CAN2_Init) for MX_CAN2_Init
[...]
    0x08000aa2   0x08000aa2   0x00000002   PAD
    0x08000aa4   0x08000aa4   0x000000bc   Code   RO        12635    .text               c_w.l(_printf_wctomb.o)
    0x08000b60   0x08000b60   0x0000007c   Code   RO        12638    .text               c_w.l(_printf_longlong_dec.o)
    0x08000bdc   0x08000bdc   0x00000070   Code   RO        12644    .text               c_w.l(_printf_oct_int_ll.o)
    0x08000c4c   0x08000c4c   0x00000094   Code   RO        12664    .text               c_w.l(_printf_hex_int_ll_ptr.o)
    0x08000ce0   0x08000ce0   0x00000188   Code   RO        12684    .text               c_w.l(__printf_flags_ss_wp.o)
    0x08000e68   0x08000e68   0x00000008   Code   RO        12838    .text               c_w.l(libspace.o)
    0x08000e70   0x08000e70   0x00000034   Code   RO        12867    .text               c_w.l(h1_extend.o)
    0x08000ea4   0x08000ea4   0x0000008a   Code   RO        12871    .text               c_w.l(lludiv10.o)
    0x08000f2e   0x08000f2e   0x00000002   PAD
    0x08000f30   0x08000f30   0x00000030   Code   RO        12873    .text               c_w.l(_fptrap.o)
    0x08000f60   0x08000f60   0x000000b2   Code   RO        12875    .text               c_w.l(_printf_intcommon.o)
    0x08001012   0x08001012   0x0000041a   Code   RO        12877    .text               c_w.l(_printf_fp_dec.o)
    0x0800142c   0x0800142c   0x000002fc   Code   RO        12879    .text               c_w.l(_printf_fp_hex.o)
    0x08001728   0x08001728   0x0000002c   Code   RO        12884    .text               c_w.l(_printf_char.o)
    0x08001754   0x08001754   0x0000002c   Code   RO        12886    .text               c_w.l(_printf_wchar.o)
    0x08001780   0x08001780   0x00000040   Code   RO        12889    .text               c_w.l(_wcrtomb.o)
    0x080017c0   0x080017c0   0x0000000e   Code   RO        12891    .text               c_w.l(defsig_rtmem_outer.o)
    0x080017ce   0x080017ce   0x00000002   Code   RO        12908    .text               c_w.l(use_no_semi.o)
    0x080017d0   0x080017d0   0x00000000   Code   RO        12910    .text               c_w.l(indicate_semi.o)
    0x080017d0   0x080017d0   0x0000004a   Code   RO        12911    .text               c_w.l(sys_stackheap_outer.o)
    0x0800181a   0x0800181a   0x00000002   PAD
    0x0800181c   0x0800181c   0x00000010   Code   RO        12913    .text               c_w.l(rt_ctype_table.o)
    0x0800182c   0x0800182c   0x00000008   Code   RO        12920    .text               c_w.l(rt_locale_intlibspace.o)
    0x08001834   0x08001834   0x00000080   Code   RO        12924    .text               c_w.l(_printf_fp_infnan.o)
    0x080018b4   0x080018b4   0x000000dc   Code   RO        12926    .text               c_w.l(bigflt0.o)
    0x08001990   0x08001990   0x00000012   Code   RO        12954    .text               c_w.l(exit.o)
    0x080019a2   0x080019a2   0x0000000a   Code   RO        12956    .text               c_w.l(defsig_exit.o)
    0x080019ac   0x080019ac   0x0000000e   Code   RO        12958    .text               c_w.l(defsig_fpe_outer.o)
    0x080019ba   0x080019ba   0x00000002   PAD
    0x080019bc   0x080019bc   0x00000050   Code   RO        12962    .text               c_w.l(defsig_rtmem_inner.o)
    0x08001a0c   0x08001a0c   0x0000000c   Code   RO        12976    .text               c_w.l(sys_exit.o)
    0x08001a18   0x08001a18   0x00000032   Code   RO        12989    .text               c_w.l(defsig_general.o)
    0x08001a4a   0x08001a4a   0x00000002   PAD
    0x08001a4c   0x08001a4c   0x000000ac   Code   RO        12991    .text               c_w.l(defsig_fpe_inner.o)
    0x08001af8   0x08001af8   0x00000080   Code   RO        12993    .text               c_w.l(strcmpv7m.o)
    0x08001b78   0x08001b78   0x0000000e   Code   RO        13011    .text               c_w.l(sys_wrch.o)
    0x08001b86   0x08001b86   0x0000003e   Code   RO        12929    CL$$btod_d2e        c_w.l(btod.o)
    0x08001bc4   0x08001bc4   0x00000046   Code   RO        12931    CL$$btod_d2e_denorm_low  c_w.l(btod.o)
    0x08001c0a   0x08001c0a   0x00000060   Code   RO        12930    CL$$btod_d2e_norm_op1  c_w.l(btod.o)
    0x08001c6a   0x08001c6a   0x00000338   Code   RO        12939    CL$$btod_div_common  c_w.l(btod.o)
    0x08001fa2   0x08001fa2   0x000000c6   Code   RO        12936    CL$$btod_e2e        c_w.l(btod.o)
    0x08002068   0x08002068   0x00000028   Code   RO        12933    CL$$btod_ediv       c_w.l(btod.o)
    0x08002090   0x08002090   0x00000028   Code   RO        12932    CL$$btod_emul       c_w.l(btod.o)
    0x080020b8   0x080020b8   0x00000244   Code   RO        12938    CL$$btod_mult_common  c_w.l(btod.o)
    0x080022fc   0x080022fc   0x00000130   Code   RO         7144    i.ADC_Init          stm32f4xx_hal_adc.o
    0x0800242c   0x0800242c   0x00000004   Code   RO         1322    i.BusFault_Handler  stm32f4xx_it.o
    0x08002430   0x08002430   0x00000010   Code   RO         1323    i.CAN1_RX0_IRQHandler  stm32f4xx_it.o
    0x08002440   0x08002440   0x00000010   Code   RO         1324    i.CAN2_RX0_IRQHandler  stm32f4xx_it.o
    0x08002450   0x08002450   0x00000044   Code   RO         2363    i.CAN_cmd_chassis_reset_ID  can_receive.o
    0x08002494   0x08002494   0x00000050   Code   RO         2364    i.CAN_cmd_gimbal    can_receive.o
    0x080024e4   0x080024e4   0x00000044   Code   RO         1270    i.CDC_Control_FS    usbd_cdc_if.o
    0x08002528   0x08002528   0x00000004   Code   RO         1271    i.CDC_DeInit_FS     usbd_cdc_if.o
    0x0800252c   0x0800252c   0x00000024   Code   RO         1272    i.CDC_Init_FS       usbd_cdc_if.o
    0x08002550   0x08002550   0x0000001c   Code   RO         1273    i.CDC_Receive_FS    usbd_cdc_if.o
    0x0800256c   0x0800256c   0x00000038   Code   RO         1274    i.CDC_Transmit_FS   usbd_cdc_if.o
    0x080025a4   0x080025a4   0x0000007c   Code   RO         1895    i.DMA1_Stream7_IRQHandler  bsp_i2c.o
    0x08002620   0x08002620   0x00000010   Code   RO         1325    i.DMA2_Stream1_IRQHandler  stm32f4xx_it.o
    0x08002630   0x08002630   0x00000898   Code   RO         3189    i.DMA2_Stream2_IRQHandler  ins_task.o
    0x08002ec8   0x08002ec8   0x00000010   Code   RO         1326    i.DMA2_Stream6_IRQHandler  stm32f4xx_it.o
    0x08002ed8   0x08002ed8   0x00000010   Code   RO         1327    i.DMA2_Stream7_IRQHandler  stm32f4xx_it.o
    0x08002ee8   0x08002ee8   0x00000034   Code   RO         6476    i.DMA_CalcBaseAndBitshift  stm32f4xx_hal_dma.o
    0x08002f1c   0x08002f1c   0x0000007e   Code   RO         6477    i.DMA_CheckFifoParam  stm32f4xx_hal_dma.o
    0x08002f9a   0x08002f9a   0x00000002   Code   RO         1328    i.DebugMon_Handler  stm32f4xx_it.o
    0x08002f9c   0x08002f9c   0x0000000a   Code   RO         1329    i.EXTI0_IRQHandler  stm32f4xx_it.o
    0x08002fa6   0x08002fa6   0x0000000a   Code   RO         1330    i.EXTI3_IRQHandler  stm32f4xx_it.o
    0x08002fb0   0x08002fb0   0x0000000a   Code   RO         1331    i.EXTI4_IRQHandler  stm32f4xx_it.o
    0x08002fba   0x08002fba   0x0000000a   Code   RO         1332    i.EXTI9_5_IRQHandler  stm32f4xx_it.o
    0x08002fc4   0x08002fc4   0x00000002   Code   RO           13    i.Error_Handler     main.o
    0x08002fc6   0x08002fc6   0x00000002   PAD
    0x08002fc8   0x08002fc8   0x00000050   Code   RO         6246    i.FLASH_Erase_Sector  stm32f4xx_hal_flash_ex.o
    0x08003018   0x08003018   0x00000058   Code   RO         6247    i.FLASH_FlushCaches  stm32f4xx_hal_flash_ex.o
    0x08003070   0x08003070   0x00000028   Code   RO         6248    i.FLASH_MassErase   stm32f4xx_hal_flash_ex.o
    0x08003098   0x08003098   0x00000020   Code   RO         6128    i.FLASH_Program_Byte  stm32f4xx_hal_flash.o
    0x080030b8   0x080030b8   0x00000030   Code   RO         6129    i.FLASH_Program_DoubleWord  stm32f4xx_hal_flash.o
    0x080030e8   0x080030e8   0x00000024   Code   RO         6130    i.FLASH_Program_HalfWord  stm32f4xx_hal_flash.o
    0x0800310c   0x0800310c   0x00000024   Code   RO         6131    i.FLASH_Program_Word  stm32f4xx_hal_flash.o
    0x08003130   0x08003130   0x00000074   Code   RO         6132    i.FLASH_SetErrorCode  stm32f4xx_hal_flash.o
    0x080031a4   0x080031a4   0x00000060   Code   RO         6133    i.FLASH_WaitForLastOperation  stm32f4xx_hal_flash.o
    0x08003204   0x08003204   0x00000034   Code   RO         1180    i.Get_SerialNum     usbd_desc.o
    0x08003238   0x08003238   0x00000174   Code   RO         7146    i.HAL_ADC_ConfigChannel  stm32f4xx_hal_adc.o
    0x080033ac   0x080033ac   0x00000006   Code   RO         7153    i.HAL_ADC_GetValue  stm32f4xx_hal_adc.o
    0x080033b2   0x080033b2   0x00000056   Code   RO         7155    i.HAL_ADC_Init      stm32f4xx_hal_adc.o
    0x08003408   0x08003408   0x000000ac   Code   RO          506    i.HAL_ADC_MspInit   adc.o
    0x080034b4   0x080034b4   0x000000ba   Code   RO         7159    i.HAL_ADC_PollForConversion  stm32f4xx_hal_adc.o
    0x0800356e   0x0800356e   0x00000002   PAD
    0x08003570   0x08003570   0x00000118   Code   RO         7161    i.HAL_ADC_Start     stm32f4xx_hal_adc.o
    0x08003688   0x08003688   0x00000024   Code   RO         7417    i.HAL_CAN_ActivateNotification  stm32f4xx_hal_can.o
    0x080036ac   0x080036ac   0x00000104   Code   RO         7418    i.HAL_CAN_AddTxMessage  stm32f4xx_hal_can.o
    0x080037b0   0x080037b0   0x00000128   Code   RO         7419    i.HAL_CAN_ConfigFilter  stm32f4xx_hal_can.o
    0x080038d8   0x080038d8   0x00000002   Code   RO         7422    i.HAL_CAN_ErrorCallback  stm32f4xx_hal_can.o
    0x080038da   0x080038da   0x0000016c   Code   RO         7425    i.HAL_CAN_GetRxMessage  stm32f4xx_hal_can.o
    0x08003a46   0x08003a46   0x00000234   Code   RO         7429    i.HAL_CAN_IRQHandler  stm32f4xx_hal_can.o
    0x08003c7a   0x08003c7a   0x00000168   Code   RO         7430    i.HAL_CAN_Init      stm32f4xx_hal_can.o
    0x08003de2   0x08003de2   0x00000002   PAD
    0x08003de4   0x08003de4   0x00000160   Code   RO          457    i.HAL_CAN_MspInit   can.o
    0x08003f44   0x08003f44   0x00000002   Code   RO         7437    i.HAL_CAN_RxFifo0FullCallback  stm32f4xx_hal_can.o
    0x08003f46   0x08003f46   0x00000002   PAD
    0x08003f48   0x08003f48   0x0000062c   Code   RO         2365    i.HAL_CAN_RxFifo0MsgPendingCallback  can_receive.o
    0x08004574   0x08004574   0x00000002   Code   RO         7439    i.HAL_CAN_RxFifo1FullCallback  stm32f4xx_hal_can.o
    0x08004576   0x08004576   0x00000002   Code   RO         7440    i.HAL_CAN_RxFifo1MsgPendingCallback  stm32f4xx_hal_can.o
    0x08004578   0x08004578   0x00000002   Code   RO         7441    i.HAL_CAN_SleepCallback  stm32f4xx_hal_can.o
    0x0800457a   0x0800457a   0x00000064   Code   RO         7442    i.HAL_CAN_Start     stm32f4xx_hal_can.o
    0x080045de   0x080045de   0x00000002   Code   RO         7444    i.HAL_CAN_TxMailbox0AbortCallback  stm32f4xx_hal_can.o
    0x080045e0   0x080045e0   0x00000002   Code   RO         7445    i.HAL_CAN_TxMailbox0CompleteCallback  stm32f4xx_hal_can.o
    0x080045e2   0x080045e2   0x00000002   Code   RO         7446    i.HAL_CAN_TxMailbox1AbortCallback  stm32f4xx_hal_can.o
    0x080045e4   0x080045e4   0x00000002   Code   RO         7447    i.HAL_CAN_TxMailbox1CompleteCallback  stm32f4xx_hal_can.o
    0x080045e6   0x080045e6   0x00000002   Code   RO         7448    i.HAL_CAN_TxMailbox2AbortCallback  stm32f4xx_hal_can.o
    0x080045e8   0x080045e8   0x00000002   Code   RO         7449    i.HAL_CAN_TxMailbox2CompleteCallback  stm32f4xx_hal_can.o
    0x080045ea   0x080045ea   0x00000002   Code   RO         7451    i.HAL_CAN_WakeUpFromRxMsgCallback  stm32f4xx_hal_can.o
    0x080045ec   0x080045ec   0x00000028   Code   RO         7654    i.HAL_CRC_Init      stm32f4xx_hal_crc.o
    0x08004614   0x08004614   0x00000034   Code   RO          554    i.HAL_CRC_MspInit   crc.o
    0x08004648   0x08004648   0x00000024   Code   RO         6480    i.HAL_DMA_Abort_IT  stm32f4xx_hal_dma.o
    0x0800466c   0x0800466c   0x000001ec   Code   RO         6484    i.HAL_DMA_IRQHandler  stm32f4xx_hal_dma.o
    0x08004858   0x08004858   0x000000ec   Code   RO         6485    i.HAL_DMA_Init      stm32f4xx_hal_dma.o
    0x08004944   0x08004944   0x00000028   Code   RO         6893    i.HAL_Delay         stm32f4xx_hal.o
    0x0800496c   0x0800496c   0x000000ac   Code   RO         6258    i.HAL_FLASHEx_Erase  stm32f4xx_hal_flash_ex.o
    0x08004a18   0x08004a18   0x00000014   Code   RO         6137    i.HAL_FLASH_Lock    stm32f4xx_hal_flash.o
    0x08004a2c   0x08004a2c   0x00000080   Code   RO         6142    i.HAL_FLASH_Program  stm32f4xx_hal_flash.o
    0x08004aac   0x08004aac   0x00000034   Code   RO         6144    i.HAL_FLASH_Unlock  stm32f4xx_hal_flash.o
    0x08004ae0   0x08004ae0   0x000000b8   Code   RO         3190    i.HAL_GPIO_EXTI_Callback  ins_task.o
    0x08004b98   0x08004b98   0x00000018   Code   RO         6371    i.HAL_GPIO_EXTI_IRQHandler  stm32f4xx_hal_gpio.o
    0x08004bb0   0x08004bb0   0x0000021c   Code   RO         6372    i.HAL_GPIO_Init     stm32f4xx_hal_gpio.o
    0x08004dcc   0x08004dcc   0x0000000e   Code   RO         6376    i.HAL_GPIO_WritePin  stm32f4xx_hal_gpio.o
    0x08004dda   0x08004dda   0x00000002   PAD
    0x08004ddc   0x08004ddc   0x0000000c   Code   RO         6899    i.HAL_GetTick       stm32f4xx_hal.o
    0x08004de8   0x08004de8   0x00000198   Code   RO         7721    i.HAL_I2C_Init      stm32f4xx_hal_i2c.o
    0x08004f80   0x08004f80   0x00000160   Code   RO         7734    i.HAL_I2C_Master_Transmit  stm32f4xx_hal_i2c.o
    0x080050e0   0x080050e0   0x00000208   Code   RO          620    i.HAL_I2C_MspInit   i2c.o
    0x080052e8   0x080052e8   0x00000010   Code   RO         6905    i.HAL_IncTick       stm32f4xx_hal.o
    0x080052f8   0x080052f8   0x00000034   Code   RO         6906    i.HAL_Init          stm32f4xx_hal.o
    0x0800532c   0x0800532c   0x00000044   Code   RO         6907    i.HAL_InitTick      stm32f4xx_hal.o
    0x08005370   0x08005370   0x00000054   Code   RO         1452    i.HAL_MspInit       stm32f4xx_hal_msp.o
    0x080053c4   0x080053c4   0x0000001c   Code   RO         6761    i.HAL_NVIC_EnableIRQ  stm32f4xx_hal_cortex.o
    0x080053e0   0x080053e0   0x00000068   Code   RO         6767    i.HAL_NVIC_SetPriority  stm32f4xx_hal_cortex.o
    0x08005448   0x08005448   0x00000024   Code   RO         6768    i.HAL_NVIC_SetPriorityGrouping  stm32f4xx_hal_cortex.o
    0x0800546c   0x0800546c   0x00000002   Code   RO         5625    i.HAL_PCDEx_LPM_Callback  stm32f4xx_hal_pcd_ex.o
    0x0800546e   0x0800546e   0x00000008   Code   RO         5626    i.HAL_PCDEx_SetRxFiFo  stm32f4xx_hal_pcd_ex.o
    0x08005476   0x08005476   0x0000004a   Code   RO         5627    i.HAL_PCDEx_SetTxFiFo  stm32f4xx_hal_pcd_ex.o
    0x080054c0   0x080054c0   0x0000000e   Code   RO          985    i.HAL_PCD_ConnectCallback  usbd_conf.o
    0x080054ce   0x080054ce   0x00000020   Code   RO          986    i.HAL_PCD_DataInStageCallback  usbd_conf.o
    0x080054ee   0x080054ee   0x00000020   Code   RO          987    i.HAL_PCD_DataOutStageCallback  usbd_conf.o
    0x0800550e   0x0800550e   0x0000000e   Code   RO          988    i.HAL_PCD_DisconnectCallback  usbd_conf.o
    0x0800551c   0x0800551c   0x0000004a   Code   RO         5408    i.HAL_PCD_EP_Close  stm32f4xx_hal_pcd.o
    0x08005566   0x08005566   0x0000005c   Code   RO         5409    i.HAL_PCD_EP_ClrStall  stm32f4xx_hal_pcd.o
    0x080055c2   0x080055c2   0x00000012   Code   RO         5411    i.HAL_PCD_EP_GetRxCount  stm32f4xx_hal_pcd.o
    0x080055d4   0x080055d4   0x0000005c   Code   RO         5412    i.HAL_PCD_EP_Open   stm32f4xx_hal_pcd.o
    0x08005630   0x08005630   0x00000046   Code   RO         5413    i.HAL_PCD_EP_Receive  stm32f4xx_hal_pcd.o
    0x08005676   0x08005676   0x00000074   Code   RO         5414    i.HAL_PCD_EP_SetStall  stm32f4xx_hal_pcd.o
    0x080056ea   0x080056ea   0x00000046   Code   RO         5415    i.HAL_PCD_EP_Transmit  stm32f4xx_hal_pcd.o
    0x08005730   0x08005730   0x0000042e   Code   RO         5417    i.HAL_PCD_IRQHandler  stm32f4xx_hal_pcd.o
    0x08005b5e   0x08005b5e   0x00000012   Code   RO          989    i.HAL_PCD_ISOINIncompleteCallback  usbd_conf.o
    0x08005b70   0x08005b70   0x00000012   Code   RO          990    i.HAL_PCD_ISOOUTIncompleteCallback  usbd_conf.o
    0x08005b82   0x08005b82   0x00000140   Code   RO         5420    i.HAL_PCD_Init      stm32f4xx_hal_pcd.o
    0x08005cc2   0x08005cc2   0x00000002   PAD
    0x08005cc4   0x08005cc4   0x000000a8   Code   RO          992    i.HAL_PCD_MspInit   usbd_conf.o
    0x08005d6c   0x08005d6c   0x00000030   Code   RO          993    i.HAL_PCD_ResetCallback  usbd_conf.o
    0x08005d9c   0x08005d9c   0x0000000e   Code   RO          994    i.HAL_PCD_ResumeCallback  usbd_conf.o
    0x08005daa   0x08005daa   0x0000000e   Code   RO          995    i.HAL_PCD_SOFCallback  usbd_conf.o
    0x08005db8   0x08005db8   0x00000028   Code   RO         5426    i.HAL_PCD_SetAddress  stm32f4xx_hal_pcd.o
    0x08005de0   0x08005de0   0x00000012   Code   RO          996    i.HAL_PCD_SetupStageCallback  usbd_conf.o
    0x08005df2   0x08005df2   0x00000042   Code   RO         5428    i.HAL_PCD_Start     stm32f4xx_hal_pcd.o
    0x08005e34   0x08005e34   0x00000034   Code   RO          997    i.HAL_PCD_SuspendCallback  usbd_conf.o
    0x08005e68   0x08005e68   0x0000017c   Code   RO         6078    i.HAL_RCCEx_PeriphCLKConfig  stm32f4xx_hal_rcc_ex.o
    0x08005fe4   0x08005fe4   0x00000174   Code   RO         5973    i.HAL_RCC_ClockConfig  stm32f4xx_hal_rcc.o
    0x08006158   0x08006158   0x0000000c   Code   RO         5978    i.HAL_RCC_GetHCLKFreq  stm32f4xx_hal_rcc.o
    0x08006164   0x08006164   0x00000020   Code   RO         5980    i.HAL_RCC_GetPCLK1Freq  stm32f4xx_hal_rcc.o
    0x08006184   0x08006184   0x00000020   Code   RO         5981    i.HAL_RCC_GetPCLK2Freq  stm32f4xx_hal_rcc.o
    0x080061a4   0x080061a4   0x00000070   Code   RO         5982    i.HAL_RCC_GetSysClockFreq  stm32f4xx_hal_rcc.o
    0x08006214   0x08006214   0x00000436   Code   RO         5985    i.HAL_RCC_OscConfig  stm32f4xx_hal_rcc.o
    0x0800664a   0x0800664a   0x00000034   Code   RO         8199    i.HAL_RNG_Init      stm32f4xx_hal_rng.o
    0x0800667e   0x0800667e   0x00000002   PAD
    0x08006680   0x08006680   0x00000034   Code   RO          674    i.HAL_RNG_MspInit   rng.o
    0x080066b4   0x080066b4   0x000000ba   Code   RO         8300    i.HAL_RTC_Init      stm32f4xx_hal_rtc.o
    0x0800676e   0x0800676e   0x00000002   PAD
    0x08006770   0x08006770   0x00000018   Code   RO          716    i.HAL_RTC_MspInit   rtc.o
    0x08006788   0x08006788   0x0000003c   Code   RO         8308    i.HAL_RTC_WaitForSynchro  stm32f4xx_hal_rtc.o
    0x080067c4   0x080067c4   0x00000082   Code   RO         8669    i.HAL_SPI_Init      stm32f4xx_hal_spi.o
    0x08006846   0x08006846   0x00000002   PAD
    0x08006848   0x08006848   0x000001cc   Code   RO          758    i.HAL_SPI_MspInit   spi.o
    0x08006a14   0x08006a14   0x00000028   Code   RO         6772    i.HAL_SYSTICK_Config  stm32f4xx_hal_cortex.o
    0x08006a3c   0x08006a3c   0x00000066   Code   RO         9671    i.HAL_TIMEx_ConfigBreakDeadTime  stm32f4xx_hal_tim_ex.o
    0x08006aa2   0x08006aa2   0x0000004e   Code   RO         9686    i.HAL_TIMEx_MasterConfigSynchronization  stm32f4xx_hal_tim_ex.o
    0x08006af0   0x08006af0   0x00000038   Code   RO         8982    i.HAL_TIM_Base_Init  stm32f4xx_hal_tim.o
    0x08006b28   0x08006b28   0x0000011c   Code   RO          806    i.HAL_TIM_Base_MspInit  tim.o
    0x08006c44   0x08006c44   0x00000024   Code   RO         8985    i.HAL_TIM_Base_Start  stm32f4xx_hal_tim.o
    0x08006c68   0x08006c68   0x000000e4   Code   RO         8991    i.HAL_TIM_ConfigClockSource  stm32f4xx_hal_tim.o
    0x08006d4c   0x08006d4c   0x000002a4   Code   RO          807    i.HAL_TIM_MspPostInit  tim.o
    0x08006ff0   0x08006ff0   0x000000dc   Code   RO         9049    i.HAL_TIM_PWM_ConfigChannel  stm32f4xx_hal_tim.o
    0x080070cc   0x080070cc   0x00000038   Code   RO         9052    i.HAL_TIM_PWM_Init  stm32f4xx_hal_tim.o
    0x08007104   0x08007104   0x00000002   Code   RO         9054    i.HAL_TIM_PWM_MspInit  stm32f4xx_hal_tim.o
    0x08007106   0x08007106   0x00000042   Code   RO         9057    i.HAL_TIM_PWM_Start  stm32f4xx_hal_tim.o
    0x08007148   0x08007148   0x00000002   Code   RO         9940    i.HAL_UART_ErrorCallback  stm32f4xx_hal_uart.o
    0x0800714a   0x0800714a   0x00000002   PAD
    0x0800714c   0x0800714c   0x00000138   Code   RO         9943    i.HAL_UART_IRQHandler  stm32f4xx_hal_uart.o
    0x08007284   0x08007284   0x00000064   Code   RO         9944    i.HAL_UART_Init     stm32f4xx_hal_uart.o
    0x080072e8   0x080072e8   0x00000304   Code   RO          884    i.HAL_UART_MspInit  usart.o
    0x080075ec   0x080075ec   0x00000056   Code   RO         9949    i.HAL_UART_Receive_IT  stm32f4xx_hal_uart.o
    0x08007642   0x08007642   0x00000002   PAD
    0x08007644   0x08007644   0x00000018   Code   RO           14    i.HAL_UART_RxCpltCallback  main.o
    0x0800765c   0x0800765c   0x00000002   Code   RO         9955    i.HAL_UART_TxCpltCallback  stm32f4xx_hal_uart.o
    0x0800765e   0x0800765e   0x00000004   Code   RO         1333    i.HardFault_Handler  stm32f4xx_it.o
    0x08007662   0x08007662   0x00000002   PAD
    0x08007664   0x08007664   0x00000020   Code   RO         1896    i.I2C2_DMA_transmit  bsp_i2c.o
    0x08007684   0x08007684   0x000000c0   Code   RO         1897    i.I2C2_tx_DMA_enable  bsp_i2c.o
    0x08007744   0x08007744   0x000000c0   Code   RO         1898    i.I2C2_tx_DMA_init  bsp_i2c.o
    0x08007804   0x08007804   0x00000032   Code   RO         7764    i.I2C_IsAcknowledgeFailed  stm32f4xx_hal_i2c.o
    0x08007836   0x08007836   0x00000002   PAD
    0x08007838   0x08007838   0x000000a4   Code   RO         7768    i.I2C_MasterRequestWrite  stm32f4xx_hal_i2c.o
    0x080078dc   0x080078dc   0x000000fc   Code   RO         1899    i.I2C_TX_DMA_START  bsp_i2c.o
    0x080079d8   0x080079d8   0x0000005c   Code   RO         7783    i.I2C_WaitOnBTFFlagUntilTimeout  stm32f4xx_hal_i2c.o
    0x08007a34   0x08007a34   0x000000b4   Code   RO         7784    i.I2C_WaitOnFlagUntilTimeout  stm32f4xx_hal_i2c.o
    0x08007ae8   0x08007ae8   0x000000ce   Code   RO         7785    i.I2C_WaitOnMasterAddressFlagUntilTimeout  stm32f4xx_hal_i2c.o
    0x08007bb6   0x08007bb6   0x0000005c   Code   RO         7788    i.I2C_WaitOnTXEFlagUntilTimeout  stm32f4xx_hal_i2c.o
    0x08007c12   0x08007c12   0x00000002   PAD
    0x08007c14   0x08007c14   0x0000007c   Code   RO         3191    i.INS_cali_gyro     ins_task.o
    0x08007c90   0x08007c90   0x00000048   Code   RO         3192    i.INS_set_cali_gyro  ins_task.o
    0x08007cd8   0x08007cd8   0x0000003e   Code   RO         1181    i.IntToUnicode      usbd_desc.o
    0x08007d16   0x08007d16   0x00000002   PAD
    0x08007d18   0x08007d18   0x00000070   Code   RO          507    i.MX_ADC1_Init      adc.o
    0x08007d88   0x08007d88   0x00000070   Code   RO          508    i.MX_ADC3_Init      adc.o
    0x08007df8   0x08007df8   0x00000044   Code   RO          458    i.MX_CAN1_Init      can.o
    0x08007e3c   0x08007e3c   0x00000044   Code   RO          459    i.MX_CAN2_Init      can.o
    0x08007e80   0x08007e80   0x00000020   Code   RO          555    i.MX_CRC_Init       crc.o
    0x08007ea0   0x08007ea0   0x000000b8   Code   RO          595    i.MX_DMA_Init       dma.o
    0x08007f58   0x08007f58   0x00000138   Code   RO          385    i.MX_FREERTOS_Init  freertos.o
    0x08008090   0x08008090   0x0000026c   Code   RO          361    i.MX_GPIO_Init      gpio.o
    0x080082fc   0x080082fc   0x0000003c   Code   RO          621    i.MX_I2C1_Init      i2c.o
    0x08008338   0x08008338   0x0000003c   Code   RO          622    i.MX_I2C2_Init      i2c.o
    0x08008374   0x08008374   0x0000003c   Code   RO          623    i.MX_I2C3_Init      i2c.o
    0x080083b0   0x080083b0   0x00000020   Code   RO          675    i.MX_RNG_Init       rng.o
    0x080083d0   0x080083d0   0x00000034   Code   RO          717    i.MX_RTC_Init       rtc.o
    0x08008404   0x08008404   0x00000048   Code   RO          759    i.MX_SPI1_Init      spi.o
    0x0800844c   0x0800844c   0x00000048   Code   RO          760    i.MX_SPI2_Init      spi.o
    0x08008494   0x08008494   0x0000006c   Code   RO          808    i.MX_TIM10_Init     tim.o
    0x08008500   0x08008500   0x000000ec   Code   RO          809    i.MX_TIM1_Init      tim.o
    0x080085ec   0x080085ec   0x000000a4   Code   RO          810    i.MX_TIM3_Init      tim.o
    0x08008690   0x08008690   0x000000a4   Code   RO          811    i.MX_TIM4_Init      tim.o
    0x08008734   0x08008734   0x000000c4   Code   RO          812    i.MX_TIM5_Init      tim.o
    0x080087f8   0x080087f8   0x000000e8   Code   RO          813    i.MX_TIM8_Init      tim.o
    0x080088e0   0x080088e0   0x00000038   Code   RO          885    i.MX_USART1_UART_Init  usart.o
    0x08008918   0x08008918   0x0000003c   Code   RO          886    i.MX_USART3_UART_Init  usart.o
    0x08008954   0x08008954   0x00000038   Code   RO          887    i.MX_USART6_UART_Init  usart.o
    0x0800898c   0x0800898c   0x0000004c   Code   RO          937    i.MX_USB_DEVICE_Init  usb_device.o
    0x080089d8   0x080089d8   0x00000004   Code   RO         1334    i.MemManage_Handler  stm32f4xx_it.o
    0x080089dc   0x080089dc   0x00000002   Code   RO         1335    i.NMI_Handler       stm32f4xx_it.o
    0x080089de   0x080089de   0x00000002   PAD
    0x080089e0   0x080089e0   0x0000001c   Code   RO         4251    i.OLED_LOGO         oled.o
    0x080089fc   0x080089fc   0x00000010   Code   RO         4252    i.OLED_check_ack    oled.o
    0x08008a0c   0x08008a0c   0x0000002c   Code   RO         4253    i.OLED_com_reset    oled.o
    0x08008a38   0x08008a38   0x00000088   Code   RO         4257    i.OLED_draw_point   oled.o
    0x08008ac0   0x08008ac0   0x000000f8   Code   RO         4258    i.OLED_init         oled.o
    0x08008bb8   0x08008bb8   0x00000054   Code   RO         4259    i.OLED_operate_gram  oled.o
    0x08008c0c   0x08008c0c   0x00000040   Code   RO         4260    i.OLED_printf       oled.o
    0x08008c4c   0x08008c4c   0x00000020   Code   RO         4261    i.OLED_refresh_gram  oled.o
    0x08008c6c   0x08008c6c   0x00000040   Code   RO         4262    i.OLED_set_pos      oled.o
    0x08008cac   0x08008cac   0x0000008c   Code   RO         4263    i.OLED_show_char    oled.o
    0x08008d38   0x08008d38   0x0000008a   Code   RO         4264    i.OLED_show_graphic  oled.o
    0x08008dc2   0x08008dc2   0x00000032   Code   RO         4265    i.OLED_show_string  oled.o
    0x08008df4   0x08008df4   0x00000010   Code   RO         1336    i.OTG_FS_IRQHandler  stm32f4xx_it.o
    0x08008e04   0x08008e04   0x00000068   Code   RO         5431    i.PCD_EP_OutSetupPacket_int  stm32f4xx_hal_pcd.o
    0x08008e6c   0x08008e6c   0x000000f0   Code   RO         5432    i.PCD_EP_OutXfrComplete_int  stm32f4xx_hal_pcd.o
    0x08008f5c   0x08008f5c   0x000000a2   Code   RO         5433    i.PCD_WriteEmptyTxFifo  stm32f4xx_hal_pcd.o
    0x08008ffe   0x08008ffe   0x00000002   PAD
    0x08009000   0x08009000   0x000001f0   Code   RO         5348    i.PID_calc          pid.o
    0x080091f0   0x080091f0   0x000001f0   Code   RO         2955    i.PID_calc_1        gimbal_task.o
    0x080093e0   0x080093e0   0x0000004c   Code   RO         5350    i.PID_clear         pid.o
    0x0800942c   0x0800942c   0x00000060   Code   RO         5351    i.PID_init          pid.o
    0x0800948c   0x0800948c   0x0000009c   Code   RO         2028    i.RC_Init           bsp_rc.o
    0x08009528   0x08009528   0x00000374   Code   RO         2224    i.RC_cmd_to_calibrate  calibrate_task.o
    0x0800989c   0x0800989c   0x00000050   Code   RO         2029    i.RC_restart        bsp_rc.o
    0x080098ec   0x080098ec   0x00000018   Code   RO         2030    i.RC_unable         bsp_rc.o
    0x08009904   0x08009904   0x00000042   Code   RO         8311    i.RTC_EnterInitMode  stm32f4xx_hal_rtc.o
    0x08009946   0x08009946   0x00000002   PAD
    0x08009948   0x08009948   0x0000273c   Code   RO         2103    i.SPI1_DMA_enable   bsp_spi.o
    0x0800c084   0x0800c084   0x00000014   Code   RO         1337    i.SysTick_Handler   stm32f4xx_it.o
    0x0800c098   0x0800c098   0x000000d4   Code   RO           15    i.SystemClock_Config  main.o
    0x0800c16c   0x0800c16c   0x00000064   Code   RO         1477    i.SystemInit        system_stm32f4xx.o
    0x0800c1d0   0x0800c1d0   0x000000cc   Code   RO         9070    i.TIM_Base_SetConfig  stm32f4xx_hal_tim.o
    0x0800c29c   0x0800c29c   0x0000001e   Code   RO         9071    i.TIM_CCxChannelCmd  stm32f4xx_hal_tim.o
    0x0800c2ba   0x0800c2ba   0x00000016   Code   RO         9081    i.TIM_ETR_SetConfig  stm32f4xx_hal_tim.o
    0x0800c2d0   0x0800c2d0   0x00000010   Code   RO         9082    i.TIM_ITRx_SetConfig  stm32f4xx_hal_tim.o
    0x0800c2e0   0x0800c2e0   0x00000070   Code   RO         9083    i.TIM_OC1_SetConfig  stm32f4xx_hal_tim.o
    0x0800c350   0x0800c350   0x00000078   Code   RO         9084    i.TIM_OC2_SetConfig  stm32f4xx_hal_tim.o
    0x0800c3c8   0x0800c3c8   0x00000078   Code   RO         9085    i.TIM_OC3_SetConfig  stm32f4xx_hal_tim.o
    0x0800c440   0x0800c440   0x00000058   Code   RO         9086    i.TIM_OC4_SetConfig  stm32f4xx_hal_tim.o
    0x0800c498   0x0800c498   0x00000026   Code   RO         9088    i.TIM_TI1_ConfigInputStage  stm32f4xx_hal_tim.o
    0x0800c4be   0x0800c4be   0x00000024   Code   RO         9090    i.TIM_TI2_ConfigInputStage  stm32f4xx_hal_tim.o
    0x0800c4e2   0x0800c4e2   0x00000010   Code   RO         9957    i.UART_DMAAbortOnError  stm32f4xx_hal_uart.o
    0x0800c4f2   0x0800c4f2   0x0000001c   Code   RO         9967    i.UART_EndRxTransfer  stm32f4xx_hal_uart.o
    0x0800c50e   0x0800c50e   0x0000001a   Code   RO         9968    i.UART_EndTransmit_IT  stm32f4xx_hal_uart.o
    0x0800c528   0x0800c528   0x0000009c   Code   RO         9970    i.UART_Receive_IT   stm32f4xx_hal_uart.o
    0x0800c5c4   0x0800c5c4   0x00000340   Code   RO         9971    i.UART_SetConfig    stm32f4xx_hal_uart.o
    0x0800c904   0x0800c904   0x00000066   Code   RO         9972    i.UART_Transmit_IT  stm32f4xx_hal_uart.o
    0x0800c96a   0x0800c96a   0x00000002   PAD
    0x0800c96c   0x0800c96c   0x00000010   Code   RO         1338    i.USART1_IRQHandler  stm32f4xx_it.o
    0x0800c97c   0x0800c97c   0x00000130   Code   RO         3899    i.USART3_IRQHandler  remote_control.o
    0x0800caac   0x0800caac   0x00000128   Code   RO         3838    i.USART6_IRQHandler  referee_usart_task.o
    0x0800cbd4   0x0800cbd4   0x0000004c   Code   RO        12032    i.USBD_CDC_DataIn   usbd_cdc.o
    0x0800cc20   0x0800cc20   0x00000030   Code   RO        12033    i.USBD_CDC_DataOut  usbd_cdc.o
    0x0800cc50   0x0800cc50   0x00000046   Code   RO        12034    i.USBD_CDC_DeInit   usbd_cdc.o
    0x0800cc96   0x0800cc96   0x0000002a   Code   RO        12035    i.USBD_CDC_EP0_RxReady  usbd_cdc.o
    0x0800ccc0   0x0800ccc0   0x0000000c   Code   RO        12036    i.USBD_CDC_GetDeviceQualifierDescriptor  usbd_cdc.o
    0x0800cccc   0x0800cccc   0x0000000c   Code   RO        12037    i.USBD_CDC_GetFSCfgDesc  usbd_cdc.o
    0x0800ccd8   0x0800ccd8   0x0000000c   Code   RO        12038    i.USBD_CDC_GetHSCfgDesc  usbd_cdc.o
    0x0800cce4   0x0800cce4   0x0000000c   Code   RO        12039    i.USBD_CDC_GetOtherSpeedCfgDesc  usbd_cdc.o
    0x0800ccf0   0x0800ccf0   0x000000ac   Code   RO        12040    i.USBD_CDC_Init     usbd_cdc.o
    0x0800cd9c   0x0800cd9c   0x00000032   Code   RO        12041    i.USBD_CDC_ReceivePacket  usbd_cdc.o
    0x0800cdce   0x0800cdce   0x00000010   Code   RO        12042    i.USBD_CDC_RegisterInterface  usbd_cdc.o
    0x0800cdde   0x0800cdde   0x0000000c   Code   RO        12043    i.USBD_CDC_SetRxBuffer  usbd_cdc.o
    0x0800cdea   0x0800cdea   0x00000010   Code   RO        12044    i.USBD_CDC_SetTxBuffer  usbd_cdc.o
    0x0800cdfa   0x0800cdfa   0x000000e6   Code   RO        12045    i.USBD_CDC_Setup    usbd_cdc.o
    0x0800cee0   0x0800cee0   0x00000038   Code   RO        12046    i.USBD_CDC_TransmitPacket  usbd_cdc.o
    0x0800cf18   0x0800cf18   0x0000000e   Code   RO        11739    i.USBD_ClrClassConfig  usbd_core.o
    0x0800cf26   0x0800cf26   0x00000026   Code   RO        11877    i.USBD_ClrFeature   usbd_ctlreq.o
    0x0800cf4c   0x0800cf4c   0x00000010   Code   RO        11972    i.USBD_CtlContinueRx  usbd_ioreq.o
    0x0800cf5c   0x0800cf5c   0x00000010   Code   RO        11973    i.USBD_CtlContinueSendData  usbd_ioreq.o
    0x0800cf6c   0x0800cf6c   0x00000018   Code   RO        11878    i.USBD_CtlError     usbd_ctlreq.o
    0x0800cf84   0x0800cf84   0x0000001e   Code   RO        11974    i.USBD_CtlPrepareRx  usbd_ioreq.o
    0x0800cfa2   0x0800cfa2   0x00000016   Code   RO        11975    i.USBD_CtlReceiveStatus  usbd_ioreq.o
    0x0800cfb8   0x0800cfb8   0x0000001a   Code   RO        11976    i.USBD_CtlSendData  usbd_ioreq.o
    0x0800cfd2   0x0800cfd2   0x00000016   Code   RO        11977    i.USBD_CtlSendStatus  usbd_ioreq.o
    0x0800cfe8   0x0800cfe8   0x00000034   Code   RO         1182    i.USBD_FS_ConfigStrDescriptor  usbd_desc.o
    0x0800d01c   0x0800d01c   0x00000010   Code   RO         1183    i.USBD_FS_DeviceDescriptor  usbd_desc.o
    0x0800d02c   0x0800d02c   0x00000038   Code   RO         1184    i.USBD_FS_InterfaceStrDescriptor  usbd_desc.o
    0x0800d064   0x0800d064   0x00000010   Code   RO         1185    i.USBD_FS_LangIDStrDescriptor  usbd_desc.o
    0x0800d074   0x0800d074   0x0000002c   Code   RO         1186    i.USBD_FS_ManufacturerStrDescriptor  usbd_desc.o
    0x0800d0a0   0x0800d0a0   0x00000040   Code   RO         1187    i.USBD_FS_ProductStrDescriptor  usbd_desc.o
    0x0800d0e0   0x0800d0e0   0x00000018   Code   RO         1188    i.USBD_FS_SerialStrDescriptor  usbd_desc.o
    0x0800d0f8   0x0800d0f8   0x00000034   Code   RO        11879    i.USBD_GetConfig    usbd_ctlreq.o
    0x0800d12c   0x0800d12c   0x00000136   Code   RO        11880    i.USBD_GetDescriptor  usbd_ctlreq.o
    0x0800d262   0x0800d262   0x00000018   Code   RO        11881    i.USBD_GetLen       usbd_ctlreq.o
    0x0800d27a   0x0800d27a   0x00000036   Code   RO        11882    i.USBD_GetStatus    usbd_ctlreq.o
    0x0800d2b0   0x0800d2b0   0x00000044   Code   RO        11883    i.USBD_GetString    usbd_ctlreq.o
    0x0800d2f4   0x0800d2f4   0x0000002c   Code   RO          998    i.USBD_Get_USB_Status  usbd_conf.o
    0x0800d320   0x0800d320   0x0000002c   Code   RO        11741    i.USBD_Init         usbd_core.o
    0x0800d34c   0x0800d34c   0x00000026   Code   RO          999    i.USBD_LL_ClearStallEP  usbd_conf.o
    0x0800d372   0x0800d372   0x00000026   Code   RO         1000    i.USBD_LL_CloseEP   usbd_conf.o
    0x0800d398   0x0800d398   0x000000d6   Code   RO        11742    i.USBD_LL_DataInStage  usbd_core.o
    0x0800d46e   0x0800d46e   0x0000008a   Code   RO        11743    i.USBD_LL_DataOutStage  usbd_core.o
    0x0800d4f8   0x0800d4f8   0x00000004   Code   RO        11744    i.USBD_LL_DevConnected  usbd_core.o
    0x0800d4fc   0x0800d4fc   0x00000016   Code   RO        11745    i.USBD_LL_DevDisconnected  usbd_core.o
    0x0800d512   0x0800d512   0x00000012   Code   RO         1004    i.USBD_LL_GetRxDataSize  usbd_conf.o
    0x0800d524   0x0800d524   0x00000068   Code   RO         1005    i.USBD_LL_Init      usbd_conf.o
    0x0800d58c   0x0800d58c   0x00000038   Code   RO         1006    i.USBD_LL_IsStallEP  usbd_conf.o
    0x0800d5c4   0x0800d5c4   0x00000004   Code   RO        11746    i.USBD_LL_IsoINIncomplete  usbd_core.o
    0x0800d5c8   0x0800d5c8   0x00000004   Code   RO        11747    i.USBD_LL_IsoOUTIncomplete  usbd_core.o
    0x0800d5cc   0x0800d5cc   0x00000030   Code   RO         1007    i.USBD_LL_OpenEP    usbd_conf.o
    0x0800d5fc   0x0800d5fc   0x00000030   Code   RO         1008    i.USBD_LL_PrepareReceive  usbd_conf.o
    0x0800d62c   0x0800d62c   0x00000052   Code   RO        11748    i.USBD_LL_Reset     usbd_core.o
    0x0800d67e   0x0800d67e   0x0000000c   Code   RO        11749    i.USBD_LL_Resume    usbd_core.o
    0x0800d68a   0x0800d68a   0x00000018   Code   RO        11750    i.USBD_LL_SOF       usbd_core.o
    0x0800d6a2   0x0800d6a2   0x00000006   Code   RO        11751    i.USBD_LL_SetSpeed  usbd_core.o
    0x0800d6a8   0x0800d6a8   0x00000026   Code   RO         1009    i.USBD_LL_SetUSBAddress  usbd_conf.o
    0x0800d6ce   0x0800d6ce   0x0000005e   Code   RO        11752    i.USBD_LL_SetupStage  usbd_core.o
    0x0800d72c   0x0800d72c   0x00000026   Code   RO         1010    i.USBD_LL_StallEP   usbd_conf.o
    0x0800d752   0x0800d752   0x0000001e   Code   RO         1011    i.USBD_LL_Start     usbd_conf.o
    0x0800d770   0x0800d770   0x00000012   Code   RO        11753    i.USBD_LL_Suspend   usbd_core.o
    0x0800d782   0x0800d782   0x00000030   Code   RO         1013    i.USBD_LL_Transmit  usbd_conf.o
    0x0800d7b2   0x0800d7b2   0x00000028   Code   RO        11884    i.USBD_ParseSetupRequest  usbd_ctlreq.o
    0x0800d7da   0x0800d7da   0x00000012   Code   RO        11754    i.USBD_RegisterClass  usbd_core.o
    0x0800d7ec   0x0800d7ec   0x00000004   Code   RO        11755    i.USBD_RunTestMode  usbd_core.o
    0x0800d7f0   0x0800d7f0   0x00000058   Code   RO        11885    i.USBD_SetAddress   usbd_ctlreq.o
    0x0800d848   0x0800d848   0x00000018   Code   RO        11756    i.USBD_SetClassConfig  usbd_core.o
    0x0800d860   0x0800d860   0x000000cc   Code   RO        11886    i.USBD_SetConfig    usbd_ctlreq.o
    0x0800d92c   0x0800d92c   0x00000010   Code   RO        11887    i.USBD_SetFeature   usbd_ctlreq.o
    0x0800d93c   0x0800d93c   0x0000000a   Code   RO        11757    i.USBD_Start        usbd_core.o
    0x0800d946   0x0800d946   0x00000080   Code   RO        11888    i.USBD_StdDevReq    usbd_ctlreq.o
    0x0800d9c6   0x0800d9c6   0x000001f0   Code   RO        11889    i.USBD_StdEPReq     usbd_ctlreq.o
    0x0800dbb6   0x0800dbb6   0x0000006a   Code   RO        11890    i.USBD_StdItfReq    usbd_ctlreq.o
    0x0800dc20   0x0800dc20   0x0000009c   Code   RO         5667    i.USB_ActivateEndpoint  stm32f4xx_ll_usb.o
    0x0800dcbc   0x0800dcbc   0x00000034   Code   RO         5669    i.USB_ActivateSetup  stm32f4xx_ll_usb.o
    0x0800dcf0   0x0800dcf0   0x0000007e   Code   RO         5671    i.USB_CoreInit      stm32f4xx_ll_usb.o
    0x0800dd6e   0x0800dd6e   0x00000002   PAD
    0x0800dd70   0x0800dd70   0x0000003c   Code   RO         5672    i.USB_CoreReset     stm32f4xx_ll_usb.o
    0x0800ddac   0x0800ddac   0x00000090   Code   RO         5675    i.USB_DeactivateEndpoint  stm32f4xx_ll_usb.o
    0x0800de3c   0x0800de3c   0x00000018   Code   RO         5676    i.USB_DevConnect    stm32f4xx_ll_usb.o
    0x0800de54   0x0800de54   0x00000018   Code   RO         5677    i.USB_DevDisconnect  stm32f4xx_ll_usb.o
    0x0800de6c   0x0800de6c   0x0000018c   Code   RO         5678    i.USB_DevInit       stm32f4xx_ll_usb.o
    0x0800dff8   0x0800dff8   0x0000000c   Code   RO         5679    i.USB_DisableGlobalInt  stm32f4xx_ll_usb.o
    0x0800e004   0x0800e004   0x0000012a   Code   RO         5682    i.USB_EP0StartXfer  stm32f4xx_ll_usb.o
    0x0800e12e   0x0800e12e   0x00000002   PAD
    0x0800e130   0x0800e130   0x00000060   Code   RO         5683    i.USB_EP0_OutStart  stm32f4xx_ll_usb.o
    0x0800e190   0x0800e190   0x00000058   Code   RO         5684    i.USB_EPClearStall  stm32f4xx_ll_usb.o
    0x0800e1e8   0x0800e1e8   0x0000005e   Code   RO         5685    i.USB_EPSetStall    stm32f4xx_ll_usb.o
    0x0800e246   0x0800e246   0x00000228   Code   RO         5686    i.USB_EPStartXfer   stm32f4xx_ll_usb.o
    0x0800e46e   0x0800e46e   0x0000000c   Code   RO         5687    i.USB_EnableGlobalInt  stm32f4xx_ll_usb.o
    0x0800e47a   0x0800e47a   0x00000002   PAD
    0x0800e47c   0x0800e47c   0x00000024   Code   RO         5688    i.USB_FlushRxFifo   stm32f4xx_ll_usb.o
    0x0800e4a0   0x0800e4a0   0x00000028   Code   RO         5689    i.USB_FlushTxFifo   stm32f4xx_ll_usb.o
    0x0800e4c8   0x0800e4c8   0x00000020   Code   RO         5691    i.USB_GetDevSpeed   stm32f4xx_ll_usb.o
    0x0800e4e8   0x0800e4e8   0x00000008   Code   RO         5693    i.USB_GetMode       stm32f4xx_ll_usb.o
    0x0800e4f0   0x0800e4f0   0x0000000e   Code   RO         5700    i.USB_ReadDevAllInEpInterrupt  stm32f4xx_ll_usb.o
    0x0800e4fe   0x0800e4fe   0x0000000e   Code   RO         5701    i.USB_ReadDevAllOutEpInterrupt  stm32f4xx_ll_usb.o
    0x0800e50c   0x0800e50c   0x00000024   Code   RO         5702    i.USB_ReadDevInEPInterrupt  stm32f4xx_ll_usb.o
    0x0800e530   0x0800e530   0x00000010   Code   RO         5703    i.USB_ReadDevOutEPInterrupt  stm32f4xx_ll_usb.o
    0x0800e540   0x0800e540   0x00000008   Code   RO         5704    i.USB_ReadInterrupts  stm32f4xx_ll_usb.o
    0x0800e548   0x0800e548   0x00000024   Code   RO         5705    i.USB_ReadPacket    stm32f4xx_ll_usb.o
    0x0800e56c   0x0800e56c   0x00000030   Code   RO         5707    i.USB_SetCurrentMode  stm32f4xx_ll_usb.o
    0x0800e59c   0x0800e59c   0x00000022   Code   RO         5708    i.USB_SetDevAddress  stm32f4xx_ll_usb.o
    0x0800e5be   0x0800e5be   0x0000000e   Code   RO         5709    i.USB_SetDevSpeed   stm32f4xx_ll_usb.o
    0x0800e5cc   0x0800e5cc   0x000000f4   Code   RO         5710    i.USB_SetTurnaroundTime  stm32f4xx_ll_usb.o
    0x0800e6c0   0x0800e6c0   0x00000030   Code   RO         5713    i.USB_WritePacket   stm32f4xx_ll_usb.o
    0x0800e6f0   0x0800e6f0   0x00000004   Code   RO         1339    i.UsageFault_Handler  stm32f4xx_it.o
    0x0800e6f4   0x0800e6f4   0x00000030   Code   RO        12904    i.__ARM_fpclassify  m_wm.l(fpclassify.o)
    0x0800e724   0x0800e724   0x00000006   Code   RO         5066    i.__get_PRIMASK     fifo.o
    0x0800e72a   0x0800e72a   0x00000014   Code   RO        12543    i.__hardfp_fabs     m_wm.l(fabs.o)
    0x0800e73e   0x0800e73e   0x00000006   Code   RO         5067    i.__set_PRIMASK     fifo.o
    0x0800e744   0x0800e744   0x0000000e   Code   RO        12677    i._is_digit         c_w.l(__printf_wp.o)
    0x0800e752   0x0800e752   0x00000002   PAD
    0x0800e754   0x0800e754   0x00000068   Code   RO         1999    i.aRGB_led_show     bsp_led.o
    0x0800e7bc   0x0800e7bc   0x00000030   Code   RO         4903    i.abs_limit         user_lib.o
    0x0800e7ec   0x0800e7ec   0x0000003c   Code   RO         1513    i.adcx_get_chx_value  bsp_adc.o
    0x0800e828   0x0800e828   0x00000030   Code   RO         4175    i.autoaim_target_reset  autoaim.o
    0x0800e858   0x0800e858   0x00000044   Code   RO         4096    i.battery_voltage_task  voltage_task.o
    0x0800e89c   0x0800e89c   0x0000013c   Code   RO         1900    i.bsp_I2C_check_ack  bsp_i2c.o
    0x0800e9d8   0x0800e9d8   0x0000004c   Code   RO         1901    i.bsp_I2C_master_transmit  bsp_i2c.o
    0x0800ea24   0x0800ea24   0x0000004c   Code   RO         1902    i.bsp_I2C_reset     bsp_i2c.o
    0x0800ea70   0x0800ea70   0x00000010   Code   RO         1667    i.buzzer_off        bsp_buzzer.o
    0x0800ea80   0x0800ea80   0x00000014   Code   RO         1668    i.buzzer_on         bsp_buzzer.o
    0x0800ea94   0x0800ea94   0x000000e8   Code   RO         4097    i.calc_battery_percentage  voltage_task.o
    0x0800eb7c   0x0800eb7c   0x000000ec   Code   RO         2225    i.cali_data_read    calibrate_task.o
    0x0800ec68   0x0800ec68   0x0000008c   Code   RO         2226    i.cali_data_write   calibrate_task.o
    0x0800ecf4   0x0800ecf4   0x00000010   Code   RO         2227    i.cali_gimbal_hook  calibrate_task.o
    0x0800ed04   0x0800ed04   0x00000064   Code   RO         2228    i.cali_gyro_hook    calibrate_task.o
    0x0800ed68   0x0800ed68   0x00000046   Code   RO         2229    i.cali_head_hook    calibrate_task.o
    0x0800edae   0x0800edae   0x00000002   PAD
    0x0800edb0   0x0800edb0   0x000000b8   Code   RO         2230    i.cali_param_init   calibrate_task.o
    0x0800ee68   0x0800ee68   0x00000148   Code   RO         2231    i.calibrate_task    calibrate_task.o
    0x0800efb0   0x0800efb0   0x0000005c   Code   RO         1701    i.can_filter_init   bsp_can.o
    0x0800f00c   0x0800f00c   0x0000032c   Code   RO         2610    i.chassis_behaviour_control_set  chassis_behaviour.o
    0x0800f338   0x0800f338   0x00000058   Code   RO         2611    i.chassis_behaviour_mode_set  chassis_behaviour.o
    0x0800f390   0x0800f390   0x000000f8   Code   RO         2742    i.chassis_control_loop  chassis_task.o
    0x0800f488   0x0800f488   0x00000048   Code   RO         2743    i.chassis_feedback_update  chassis_task.o
    0x0800f4d0   0x0800f4d0   0x00000084   Code   RO         2744    i.chassis_init      chassis_task.o
    0x0800f554   0x0800f554   0x00000008   Code   RO         2745    i.chassis_mode_change_control_transit  chassis_task.o
    0x0800f55c   0x0800f55c   0x00000048   Code   RO         2614    i.chassis_rc_control  chassis_behaviour.o
    0x0800f5a4   0x0800f5a4   0x0000004c   Code   RO         2746    i.chassis_set_contorl  chassis_task.o
    0x0800f5f0   0x0800f5f0   0x00000012   Code   RO         2747    i.chassis_set_mode  chassis_task.o
    0x0800f602   0x0800f602   0x00000002   PAD
    0x0800f604   0x0800f604   0x00000084   Code   RO         2748    i.chassis_task      chassis_task.o
    0x0800f688   0x0800f688   0x00000050   Code   RO         2749    i.chassis_vector_to_mecanum_wheel_speed  chassis_task.o
    0x0800f6d8   0x0800f6d8   0x00000020   Code   RO         2615    i.chassis_zero_force_control  chassis_behaviour.o
    0x0800f6f8   0x0800f6f8   0x00000030   Code   RO         1769    i.delay_init        bsp_delay.o
    0x0800f728   0x0800f728   0x00000124   Code   RO         2816    i.detect_hook       detect_task.o
    0x0800f84c   0x0800f84c   0x00000184   Code   RO         2817    i.detect_init       detect_task.o
    0x0800f9d0   0x0800f9d0   0x00000288   Code   RO         2818    i.detect_task       detect_task.o
    0x0800fc58   0x0800fc58   0x000000a0   Code   RO         5094    i.fifo_s_puts       fifo.o
    0x0800fcf8   0x0800fcf8   0x0000002e   Code   RO         1810    i.flash_erase_address  bsp_flash.o
    0x0800fd26   0x0800fd26   0x00000014   Code   RO         1811    i.flash_read        bsp_flash.o
    0x0800fd3a   0x0800fd3a   0x00000002   PAD
    0x0800fd3c   0x0800fd3c   0x00000098   Code   RO         1813    i.flash_write_single_address  bsp_flash.o
    0x0800fdd4   0x0800fdd4   0x000000f4   Code   RO         1814    i.ger_sector        bsp_flash.o
    0x0800fec8   0x0800fec8   0x00000008   Code   RO         3194    i.get_INS_angle_point  ins_task.o
    0x0800fed0   0x0800fed0   0x00000024   Code   RO         4098    i.get_battery_percentage  voltage_task.o
    0x0800fef4   0x0800fef4   0x00000048   Code   RO         1514    i.get_battery_voltage  bsp_adc.o
    0x0800ff3c   0x0800ff3c   0x00000014   Code   RO         2369    i.get_chassis_motor_measure_point  can_receive.o
    0x0800ff50   0x0800ff50   0x00000008   Code   RO         2819    i.get_error_list_point  detect_task.o
    0x0800ff58   0x0800ff58   0x00000008   Code   RO         3197    i.get_gyro_data_point  ins_task.o
    0x0800ff60   0x0800ff60   0x000000e8   Code   RO         1815    i.get_next_flash_address  bsp_flash.o
    0x08010048   0x08010048   0x00000008   Code   RO         2375    i.get_pitch_gimbal_motor_measure_point  can_receive.o
    0x08010050   0x08010050   0x00000008   Code   RO         3900    i.get_remote_control_point  remote_control.o
    0x08010058   0x08010058   0x0000005c   Code   RO         1516    i.get_temprate      bsp_adc.o
    0x080100b4   0x080100b4   0x00000008   Code   RO         2376    i.get_trigger_motor1_measure_point  can_receive.o
    0x080100bc   0x080100bc   0x00000008   Code   RO         2377    i.get_trigger_motor2_measure_point  can_receive.o
    0x080100c4   0x080100c4   0x00000008   Code   RO         2379    i.get_yaw_gimbal_motor_measure_point  can_receive.o
    0x080100cc   0x080100cc   0x000000d8   Code   RO         2963    i.gimbal_PID_calc   gimbal_task.o
    0x080101a4   0x080101a4   0x00000034   Code   RO         2965    i.gimbal_PID_clear  gimbal_task.o
    0x080101d8   0x080101d8   0x00000030   Code   RO         2966    i.gimbal_PID_init   gimbal_task.o
    0x08010208   0x08010208   0x000001a8   Code   RO         2859    i.gimbal_absolute_angle_control  gimbal_behaviour.o
    0x080103b0   0x080103b0   0x0000004c   Code   RO         2968    i.gimbal_absolute_angle_no_limit  gimbal_task.o
    0x080103fc   0x080103fc   0x00000002   Code   RO         2860    i.gimbal_auto_angle_control  gimbal_behaviour.o
    0x080103fe   0x080103fe   0x00000002   PAD
    0x08010400   0x08010400   0x00000034   Code   RO         2970    i.gimbal_auto_angle_no_limit  gimbal_task.o
    0x08010434   0x08010434   0x000000f0   Code   RO         2862    i.gimbal_behaviour_control_set  gimbal_behaviour.o
    0x08010524   0x08010524   0x000000ac   Code   RO         2863    i.gimbal_behaviour_mode_set  gimbal_behaviour.o
    0x080105d0   0x080105d0   0x000001b0   Code   RO         2864    i.gimbal_behavour_set  gimbal_behaviour.o
    0x08010780   0x08010780   0x000001f0   Code   RO         2865    i.gimbal_cali_control  gimbal_behaviour.o
    0x08010970   0x08010970   0x00000128   Code   RO         2971    i.gimbal_control_loop  gimbal_task.o
    0x08010a98   0x08010a98   0x00000360   Code   RO         2972    i.gimbal_feedback_update  gimbal_task.o
    0x08010df8   0x08010df8   0x00000224   Code   RO         2973    i.gimbal_init       gimbal_task.o
    0x0801101c   0x0801101c   0x00000038   Code   RO         2868    i.gimbal_init_control  gimbal_behaviour.o
    0x08011054   0x08011054   0x000000da   Code   RO         2974    i.gimbal_mode_change_control_transit  gimbal_task.o
    0x0801112e   0x0801112e   0x00000002   PAD
    0x08011130   0x08011130   0x00000020   Code   RO         2869    i.gimbal_motionless_control  gimbal_behaviour.o
    0x08011150   0x08011150   0x00000076   Code   RO         2975    i.gimbal_motor_absolute_angle_control  gimbal_task.o
    0x080111c6   0x080111c6   0x00000052   Code   RO         2976    i.gimbal_motor_absolute_angle_control_pitch  gimbal_task.o
    0x08011218   0x08011218   0x0000002a   Code   RO         2977    i.gimbal_motor_raw_angle_control  gimbal_task.o
    0x08011242   0x08011242   0x00000010   Code   RO         2978    i.gimbal_motor_relative_angle_control  gimbal_task.o
    0x08011252   0x08011252   0x00000002   PAD
    0x08011254   0x08011254   0x000000bc   Code   RO         2870    i.gimbal_relative_angle_control  gimbal_behaviour.o
    0x08011310   0x08011310   0x00000060   Code   RO         2979    i.gimbal_relative_angle_limit  gimbal_task.o
    0x08011370   0x08011370   0x0000003c   Code   RO         2980    i.gimbal_relative_angle_no_limit  gimbal_task.o
    0x080113ac   0x080113ac   0x0000066c   Code   RO         2981    i.gimbal_set_control  gimbal_task.o
    0x08011a18   0x08011a18   0x00000012   Code   RO         2982    i.gimbal_set_mode   gimbal_task.o
    0x08011a2a   0x08011a2a   0x00000002   PAD
    0x08011a2c   0x08011a2c   0x000001c4   Code   RO         2983    i.gimbal_task       gimbal_task.o
    0x08011bf0   0x08011bf0   0x00000020   Code   RO         2871    i.gimbal_zero_force_control  gimbal_behaviour.o
    0x08011c10   0x08011c10   0x00000044   Code   RO         2984    i.grab_reset        gimbal_task.o
    0x08011c54   0x08011c54   0x000001b4   Code   RO         2985    i.grab_staff        gimbal_task.o
    0x08011e08   0x08011e08   0x00000054   Code   RO         3199    i.gyro_offset_calc  ins_task.o
    0x08011e5c   0x08011e5c   0x000001a8   Code   RO         3201    i.imu_cmd_spi_dma   ins_task.o
    0x08012004   0x08012004   0x00000040   Code   RO         1517    i.init_vrefint_reciprocal  bsp_adc.o
    0x08012044   0x08012044   0x000001b0   Code   RO         3330    i.led_RGB_flow_task  led_flow_task.o
    0x080121f4   0x080121f4   0x00000060   Code   RO         4911    i.loop_fp32_constrain  user_lib.o
    0x08012254   0x08012254   0x000000bc   Code   RO           16    i.main              main.o
    0x08012310   0x08012310   0x0000000c   Code   RO        11231    i.makeFreeRtosPriority  cmsis_os.o
    0x0801231c   0x0801231c   0x00000054   Code   RO         2986    i.motor_ecd_to_angle_change  gimbal_task.o
    0x08012370   0x08012370   0x00000214   Code   RO         3363    i.oled_task         oled_task.o
    0x08012584   0x08012584   0x00000030   Code   RO         4266    i.oled_write_byte   oled.o
    0x080125b4   0x080125b4   0x00000010   Code   RO        11233    i.osDelay           cmsis_os.o
    0x080125c4   0x080125c4   0x0000000a   Code   RO        11236    i.osKernelStart     cmsis_os.o
    0x080125ce   0x080125ce   0x0000005c   Code   RO        11270    i.osThreadCreate    cmsis_os.o
    0x0801262a   0x0801262a   0x00000002   PAD
    0x0801262c   0x0801262c   0x00000080   Code   RO        10729    i.prvAddCurrentTaskToDelayedList  tasks.o
    0x080126ac   0x080126ac   0x00000088   Code   RO        10730    i.prvAddNewTaskToReadyList  tasks.o
    0x08012734   0x08012734   0x0000005c   Code   RO        11078    i.prvCheckForValidListAndQueue  timers.o
    0x08012790   0x08012790   0x00000040   Code   RO        10731    i.prvCheckTasksWaitingTermination  tasks.o
    0x080127d0   0x080127d0   0x00000024   Code   RO        10391    i.prvCopyDataFromQueue  queue.o
    0x080127f4   0x080127f4   0x0000006e   Code   RO        10392    i.prvCopyDataToQueue  queue.o
    0x08012862   0x08012862   0x00000040   Code   RO        10732    i.prvDeleteTCB      tasks.o
    0x080128a2   0x080128a2   0x00000002   PAD
    0x080128a4   0x080128a4   0x00000024   Code   RO        11079    i.prvGetNextExpireTime  timers.o
    0x080128c8   0x080128c8   0x00000050   Code   RO        11610    i.prvHeapInit       heap_4.o
    0x08012918   0x08012918   0x00000028   Code   RO        10733    i.prvIdleTask       tasks.o
    0x08012940   0x08012940   0x00000018   Code   RO        10395    i.prvInitialiseNewQueue  queue.o
    0x08012958   0x08012958   0x00000090   Code   RO        10734    i.prvInitialiseNewTask  tasks.o
    0x080129e8   0x080129e8   0x00000060   Code   RO        10735    i.prvInitialiseTaskLists  tasks.o
    0x08012a48   0x08012a48   0x0000005c   Code   RO        11611    i.prvInsertBlockIntoFreeList  heap_4.o
    0x08012aa4   0x08012aa4   0x00000048   Code   RO        11081    i.prvInsertTimerInActiveList  timers.o
    0x08012aec   0x08012aec   0x0000001a   Code   RO        10396    i.prvIsQueueEmpty   queue.o
    0x08012b06   0x08012b06   0x0000001e   Code   RO        10397    i.prvIsQueueFull    queue.o
    0x08012b24   0x08012b24   0x0000005c   Code   RO        11082    i.prvProcessExpiredTimer  timers.o
    0x08012b80   0x08012b80   0x000000d8   Code   RO        11083    i.prvProcessReceivedCommands  timers.o
    0x08012c58   0x08012c58   0x0000006c   Code   RO        11084    i.prvProcessTimerOrBlockTask  timers.o
    0x08012cc4   0x08012cc4   0x00000024   Code   RO        10736    i.prvResetNextTaskUnblockTime  tasks.o
    0x08012ce8   0x08012ce8   0x0000002c   Code   RO        11085    i.prvSampleTimeNow  timers.o
    0x08012d14   0x08012d14   0x00000074   Code   RO        11086    i.prvSwitchTimerLists  timers.o
    0x08012d88   0x08012d88   0x00000018   Code   RO        10738    i.prvTaskCheckFreeStackSpace  tasks.o
    0x08012da0   0x08012da0   0x00000030   Code   RO        11660    i.prvTaskExitError  port.o
    0x08012dd0   0x08012dd0   0x00000014   Code   RO        11087    i.prvTimerTask      timers.o
    0x08012de4   0x08012de4   0x00000068   Code   RO        10398    i.prvUnlockQueue    queue.o
    0x08012e4c   0x08012e4c   0x000001f8   Code   RO         2987    i.put_staff         gimbal_task.o
    0x08013044   0x08013044   0x000000e4   Code   RO        11612    i.pvPortMalloc      heap_4.o
    0x08013128   0x08013128   0x0000002c   Code   RO        11661    i.pxPortInitialiseStack  port.o
    0x08013154   0x08013154   0x00000014   Code   RO         3901    i.remote_control_init  remote_control.o
    0x08013168   0x08013168   0x000000da   Code   RO         3902    i.sbus_to_rc        remote_control.o
    0x08013242   0x08013242   0x00000002   PAD
    0x08013244   0x08013244   0x00000018   Code   RO         3966    i.servo_task        servo_task.o
    0x0801325c   0x0801325c   0x00000018   Code   RO         4006    i.test_task         test_task.o
    0x08013274   0x08013274   0x00000018   Code   RO         2820    i.toe_is_error      detect_task.o
    0x0801328c   0x0801328c   0x00000090   Code   RO         2989    i.up_down_motro_move  gimbal_task.o
    0x0801331c   0x0801331c   0x00000074   Code   RO         2138    i.usart1_tx_dma_init  bsp_usart.o
    0x08013390   0x08013390   0x00000038   Code   RO         4040    i.usb_printf        usb_task.o
    0x080133c8   0x080133c8   0x00000134   Code   RO         4041    i.usb_task          usb_task.o
    0x080134fc   0x080134fc   0x00000018   Code   RO          387    i.user_delay_ms     freertos.o
    0x08013514   0x08013514   0x00000018   Code   RO          388    i.user_delay_us     freertos.o
    0x0801352c   0x0801352c   0x00000026   Code   RO        10351    i.uxListRemove      list.o
    0x08013552   0x08013552   0x00000002   PAD
    0x08013554   0x08013554   0x00000014   Code   RO        10743    i.uxTaskGetStackHighWaterMark  tasks.o
    0x08013568   0x08013568   0x00000018   Code   RO          389    i.vApplicationGetIdleTaskMemory  freertos.o
    0x08013580   0x08013580   0x00000018   Code   RO          390    i.vApplicationGetTimerTaskMemory  freertos.o
    0x08013598   0x08013598   0x00000016   Code   RO        10352    i.vListInitialise   list.o
    0x080135ae   0x080135ae   0x00000006   Code   RO        10353    i.vListInitialiseItem  list.o
    0x080135b4   0x080135b4   0x00000036   Code   RO        10354    i.vListInsert       list.o
    0x080135ea   0x080135ea   0x00000018   Code   RO        10355    i.vListInsertEnd    list.o
    0x08013602   0x08013602   0x00000002   PAD
    0x08013604   0x08013604   0x00000040   Code   RO        11663    i.vPortEnterCritical  port.o
    0x08013644   0x08013644   0x0000002c   Code   RO        11664    i.vPortExitCritical  port.o
    0x08013670   0x08013670   0x0000005c   Code   RO        11613    i.vPortFree         heap_4.o
    0x080136cc   0x080136cc   0x00000024   Code   RO        11665    i.vPortSetupTimerInterrupt  port.o
    0x080136f0   0x080136f0   0x00000054   Code   RO        11666    i.vPortValidateInterruptPriority  port.o
    0x08013744   0x08013744   0x00000028   Code   RO        10402    i.vQueueAddToRegistry  queue.o
    0x0801376c   0x0801376c   0x0000004a   Code   RO        10405    i.vQueueWaitForMessageRestricted  queue.o
    0x080137b6   0x080137b6   0x00000002   PAD
    0x080137b8   0x080137b8   0x00000050   Code   RO        10747    i.vTaskDelay        tasks.o
    0x08013808   0x08013808   0x00000010   Code   RO        10751    i.vTaskInternalSetTimeOutState  tasks.o
    0x08013818   0x08013818   0x0000000c   Code   RO        10752    i.vTaskMissedYield  tasks.o
    0x08013824   0x08013824   0x000000c0   Code   RO        10753    i.vTaskNotifyGiveFromISR  tasks.o
    0x080138e4   0x080138e4   0x00000034   Code   RO        10754    i.vTaskPlaceOnEventList  tasks.o
    0x08013918   0x08013918   0x0000003c   Code   RO        10755    i.vTaskPlaceOnEventListRestricted  tasks.o
    0x08013954   0x08013954   0x00000090   Code   RO        10762    i.vTaskStartScheduler  tasks.o
    0x080139e4   0x080139e4   0x00000010   Code   RO        10764    i.vTaskSuspendAll   tasks.o
    0x080139f4   0x080139f4   0x00000060   Code   RO        10765    i.vTaskSwitchContext  tasks.o
    0x08013a54   0x08013a54   0x00000400   Code   RO         2990    i.vision_assistant_move  gimbal_task.o
    0x08013e54   0x08013e54   0x00000104   Code   RO        11667    i.xPortStartScheduler  port.o
    0x08013f58   0x08013f58   0x0000002c   Code   RO        11668    i.xPortSysTickHandler  port.o
    0x08013f84   0x08013f84   0x00000070   Code   RO        10409    i.xQueueGenericCreateStatic  queue.o
    0x08013ff4   0x08013ff4   0x00000090   Code   RO        10410    i.xQueueGenericReset  queue.o
    0x08014084   0x08014084   0x00000170   Code   RO        10411    i.xQueueGenericSend  queue.o
    0x080141f4   0x080141f4   0x000000bc   Code   RO        10412    i.xQueueGenericSendFromISR  queue.o
    0x080142b0   0x080142b0   0x00000148   Code   RO        10420    i.xQueueReceive     queue.o
    0x080143f8   0x080143f8   0x00000098   Code   RO        10767    i.xTaskCheckForTimeOut  tasks.o
    0x08014490   0x08014490   0x0000006c   Code   RO        10768    i.xTaskCreate       tasks.o
    0x080144fc   0x080144fc   0x00000060   Code   RO        10769    i.xTaskCreateStatic  tasks.o
    0x0801455c   0x0801455c   0x0000001c   Code   RO        10774    i.xTaskGetSchedulerState  tasks.o
    0x08014578   0x08014578   0x0000000c   Code   RO        10775    i.xTaskGetTickCount  tasks.o
    0x08014584   0x08014584   0x000000d0   Code   RO        10777    i.xTaskIncrementTick  tasks.o
    0x08014654   0x08014654   0x0000009c   Code   RO        10780    i.xTaskPriorityDisinherit  tasks.o
    0x080146f0   0x080146f0   0x00000078   Code   RO        10782    i.xTaskRemoveFromEventList  tasks.o
    0x08014768   0x08014768   0x000000cc   Code   RO        10783    i.xTaskResumeAll    tasks.o
    0x08014834   0x08014834   0x00000068   Code   RO        11092    i.xTimerCreateTimerTask  timers.o
    0x0801489c   0x0801489c   0x00000074   Code   RO        11093    i.xTimerGenericCommand  timers.o
    0x08014910   0x08014910   0x0000046c   Code   RO         2991    i.yaw_pitch_move    gimbal_task.o
    0x08014d7c   0x08014d7c   0x000001d0   Code   RO         2992    i.yaw_pitch_slow_move  gimbal_task.o
    0x08014f4c   0x08014f4c   0x0000002c   Code   RO        12952    locale$$code        c_w.l(lc_numeric_c.o)
    0x08014f78   0x08014f78   0x0000002c   Code   RO        12985    locale$$code        c_w.l(lc_ctype_c.o)
    0x08014fa4   0x08014fa4   0x000002c4   Code   RO        12469    x$fpl$d2f           g_wm.l(d2f_clz.o)
    0x08015268   0x08015268   0x0000024c   Code   RO        12471    x$fpl$dadd          g_wm.l(daddsub_clz.o)
    0x080154b4   0x080154b4   0x00000018   Code   RO        12757    x$fpl$dcmpinf       g_wm.l(dcmpi.o)
    0x080154cc   0x080154cc   0x0000037c   Code   RO        12478    x$fpl$ddiv          g_wm.l(ddiv_clz.o)
    0x08015848   0x08015848   0x0000002e   Code   RO        12482    x$fpl$dflt          g_wm.l(dflt_clz.o)
    0x08015876   0x08015876   0x0000001a   Code   RO        12483    x$fpl$dfltn         g_wm.l(dflt_clz.o)
    0x08015890   0x08015890   0x00000078   Code   RO        12487    x$fpl$dleqf         g_wm.l(dleqf.o)
    0x08015908   0x08015908   0x000001c0   Code   RO        12489    x$fpl$dmul          g_wm.l(dmul_clz.o)
    0x08015ac8   0x08015ac8   0x00000102   Code   RO        12759    x$fpl$dnaninf       g_wm.l(dnaninf.o)
    0x08015bca   0x08015bca   0x00000070   Code   RO        12761    x$fpl$drenorm       g_wm.l(drenorm_clz.o)
    0x08015c3a   0x08015c3a   0x0000000c   Code   RO        12763    x$fpl$dretinf       g_wm.l(dretinf.o)
    0x08015c46   0x08015c46   0x00000062   Code   RO        12491    x$fpl$drleqf        g_wm.l(drleqf.o)
    0x08015ca8   0x08015ca8   0x0000029c   Code   RO        12473    x$fpl$dsub          g_wm.l(daddsub_clz.o)
    0x08015f44   0x08015f44   0x0000017a   Code   RO        12767    x$fpl$dunder        g_wm.l(dunder_clz.o)
    0x080160be   0x080160be   0x00000002   PAD
    0x080160c0   0x080160c0   0x000001ec   Code   RO        12769    x$fpl$exception     g_wm.l(except.o)
    0x080162ac   0x080162ac   0x0000007a   Code   RO        12493    x$fpl$f2d           g_wm.l(f2d.o)
    0x08016326   0x08016326   0x000000f2   Code   RO        12771    x$fpl$fnaninf       g_wm.l(fnaninf.o)
    0x08016418   0x08016418   0x0000000a   Code   RO        12900    x$fpl$fpinit        g_wm.l(fpinit.o)
    0x08016422   0x08016422   0x0000000a   Code   RO        12773    x$fpl$fretinf       g_wm.l(fretinf.o)
    0x0801642c   0x0801642c   0x0000013c   Code   RO        12775    x$fpl$funder        g_wm.l(funder_clz.o)
    0x08016568   0x08016568   0x00000020   Code   RO        12974    x$fpl$ieeestatus    g_wm.l(istatus.o)
    0x08016588   0x08016588   0x00000004   Code   RO        12777    x$fpl$printf1       g_wm.l(printf1.o)
    0x0801658c   0x0801658c   0x00000004   Code   RO        12779    x$fpl$printf2       g_wm.l(printf2.o)
    0x08016590   0x08016590   0x000000b2   Code   RO        12902    x$fpl$retnan        g_wm.l(retnan.o)
    0x08016642   0x08016642   0x0000007e   Code   RO        12785    x$fpl$trapveneer    g_wm.l(trapv.o)
    0x080166c0   0x080166c0   0x00000000   Code   RO        12787    x$fpl$usenofp       g_wm.l(usenofp.o)
    0x080166c0   0x080166c0   0x00000118   Data   RO          392    .constdata          freertos.o
    0x080167d8   0x080167d8   0x00000018   Data   RO         1478    .constdata          system_stm32f4xx.o
    0x080167f0   0x080167f0   0x0000000f   Data   RO         2235    .constdata          calibrate_task.o
    0x080167ff   0x080167ff   0x00000001   PAD
    0x08016800   0x08016800   0x0000000c   Data   RO         2751    .constdata          chassis_task.o
    0x0801680c   0x0801680c   0x00000054   Data   RO         2822    .constdata          detect_task.o
    0x08016860   0x08016860   0x00000054   Data   RO         2994    .constdata          gimbal_task.o
    0x080168b4   0x080168b4   0x00001164   Data   RO         3364    .constdata          oled_task.o
    0x08017a18   0x08017a18   0x0000000e   Data   RO         4043    .constdata          usb_task.o
    0x08017a26   0x08017a26   0x00000002   PAD
    0x08017a28   0x08017a28   0x0000115c   Data   RO         4268    .constdata          oled.o
    0x08018b84   0x08018b84   0x00000008   Data   RO         6491    .constdata          stm32f4xx_hal_dma.o
    0x08018b8c   0x08018b8c   0x00000804   Data   RO        12358    .constdata          arm_cortexM4lf_math.lib(arm_common_tables.o)
    0x08019390   0x08019390   0x00000008   Data   RO        12636    .constdata          c_w.l(_printf_wctomb.o)
    0x08019398   0x08019398   0x00000028   Data   RO        12665    .constdata          c_w.l(_printf_hex_int_ll_ptr.o)
    0x080193c0   0x080193c0   0x00000011   Data   RO        12685    .constdata          c_w.l(__printf_flags_ss_wp.o)
    0x080193d1   0x080193d1   0x00000026   Data   RO        12880    .constdata          c_w.l(_printf_fp_hex.o)
    0x080193f7   0x080193f7   0x00000001   PAD
    0x080193f8   0x080193f8   0x00000094   Data   RO        12927    .constdata          c_w.l(bigflt0.o)
    0x0801948c   0x0801948c   0x00000059   Data   RO          393    .conststring        freertos.o
    0x080194e5   0x080194e5   0x00000003   PAD
    0x080194e8   0x080194e8   0x00000122   Data   RO         4044    .conststring        usb_task.o
    0x0801960a   0x0801960a   0x00000002   PAD
    0x0801960c   0x0801960c   0x00000020   Data   RO        13039    Region$$Table       anon$$obj.o
    0x0801962c   0x0801962c   0x0000001c   Data   RO        12951    locale$$data        c_w.l(lc_numeric_c.o)
    0x08019648   0x08019648   0x00000110   Data   RO        12984    locale$$data        c_w.l(lc_ctype_c.o)


    Execution Region RW_IRAM1 (Exec base: 0x20000000, Load base: 0x08019758, Size: 0x0000eed0, Max: 0x00020000, ABSOLUTE, COMPRESSED[0x000001f4])

    Exec Addr    Load Addr    Size         Type   Attr      Idx    E Section Name        Object

    0x20000000   COMPRESSED   0x00000034   Data   RW          394    .data               freertos.o
    0x20000034   COMPRESSED   0x00000004   Data   RW          461    .data               can.o
    0x20000038   COMPRESSED   0x00000008   Data   RW          556    .data               crc.o
    0x20000040   COMPRESSED   0x0000004e   Data   RW         1190    .data               usbd_desc.o
    0x2000008e   COMPRESSED   0x00000002   PAD
    0x20000090   COMPRESSED   0x00000010   Data   RW         1276    .data               usbd_cdc_if.o
    0x200000a0   COMPRESSED   0x00000004   Data   RW         1479    .data               system_stm32f4xx.o
    0x200000a4   COMPRESSED   0x00000004   Data   RW         1519    .data               bsp_adc.o
    0x200000a8   COMPRESSED   0x00000008   Data   RW         1772    .data               bsp_delay.o
    0x200000b0   COMPRESSED   0x00000010   Data   RW         1816    .data               bsp_flash.o
    0x200000c0   COMPRESSED   0x00000008   Data   RW         2000    .data               bsp_led.o
    0x200000c8   COMPRESSED   0x00000054   Data   RW         2236    .data               calibrate_task.o
    0x2000011c   COMPRESSED   0x0000002e   Data   RW         2382    .data               can_receive.o
    0x2000014a   COMPRESSED   0x00000002   PAD
    0x2000014c   COMPRESSED   0x0000000c   Data   RW         2616    .data               chassis_behaviour.o
    0x20000158   COMPRESSED   0x00000020   Data   RW         2752    .data               chassis_task.o
    0x20000178   COMPRESSED   0x00000009   Data   RW         2823    .data               detect_task.o
    0x20000181   COMPRESSED   0x00000003   PAD
    0x20000184   COMPRESSED   0x0000002c   Data   RW         2872    .data               gimbal_behaviour.o
    0x200001b0   COMPRESSED   0x0000018c   Data   RW         2995    .data               gimbal_task.o
    0x2000033c   COMPRESSED   0x000000dc   Data   RW         3205    .data               ins_task.o
    0x20000418   COMPRESSED   0x0000001c   Data   RW         3331    .data               led_flow_task.o
    0x20000434   COMPRESSED   0x00000017   Data   RW         3365    .data               oled_task.o
    0x2000044b   COMPRESSED   0x00000001   PAD
    0x2000044c   COMPRESSED   0x00000002   Data   RW         3842    .data               referee_usart_task.o
    0x2000044e   COMPRESSED   0x00000002   Data   RW         3906    .data               remote_control.o
    0x20000450   COMPRESSED   0x00000005   Data   RW         3967    .data               servo_task.o
    0x20000455   COMPRESSED   0x00000003   PAD
    0x20000458   COMPRESSED   0x0000000a   Data   RW         4007    .data               test_task.o
    0x20000462   COMPRESSED   0x00000002   PAD
    0x20000464   COMPRESSED   0x00000008   Data   RW         4045    .data               usb_task.o
    0x2000046c   COMPRESSED   0x00000008   Data   RW         4099    .data               voltage_task.o
    0x20000474   COMPRESSED   0x00000008   Data   RW         4269    .data               oled.o
    0x2000047c   COMPRESSED   0x0000000c   Data   RW         6913    .data               stm32f4xx_hal.o
    0x20000488   COMPRESSED   0x0000003c   Data   RW        10786    .data               tasks.o
    0x200004c4   COMPRESSED   0x00000014   Data   RW        11101    .data               timers.o
    0x200004d8   COMPRESSED   0x00000018   Data   RW        11618    .data               heap_4.o
    0x200004f0   COMPRESSED   0x0000000c   Data   RW        11669    .data               port.o
    0x200004fc   COMPRESSED   0x00000001   Data   RW        11891    .data               usbd_ctlreq.o
    0x200004fd   COMPRESSED   0x00000003   PAD
    0x20000500   COMPRESSED   0x000000d7   Data   RW        12047    .data               usbd_cdc.o
    0x200005d7   COMPRESSED   0x00000001   PAD
    0x200005d8   COMPRESSED   0x00000038   Data   RW        12048    .data               usbd_cdc.o
    0x20000610        -       0x00000030   Zero   RW           17    .bss                main.o
    0x20000640        -       0x000006a8   Zero   RW          391    .bss                freertos.o
    0x20000ce8        -       0x000000f0   Zero   RW          460    .bss                can.o
    0x20000dd8        -       0x00000090   Zero   RW          509    .bss                adc.o
    0x20000e68        -       0x0000015c   Zero   RW          624    .bss                i2c.o
    0x20000fc4        -       0x00000010   Zero   RW          676    .bss                rng.o
    0x20000fd4        -       0x00000020   Zero   RW          718    .bss                rtc.o
    0x20000ff4        -       0x00000170   Zero   RW          761    .bss                spi.o
    0x20001164        -       0x00000180   Zero   RW          814    .bss                tim.o
    0x200012e4        -       0x000002a0   Zero   RW          888    .bss                usart.o
    0x20001584        -       0x0000029c   Zero   RW          938    .bss                usb_device.o
    0x20001820        -       0x00000408   Zero   RW         1014    .bss                usbd_conf.o
    0x20001c28        -       0x00000200   Zero   RW         1189    .bss                usbd_desc.o
    0x20001e28        -       0x00001000   Zero   RW         1275    .bss                usbd_cdc_if.o
    0x20002e28        -       0x00000010   Zero   RW         1518    .bss                bsp_adc.o
    0x20002e38        -       0x00000115   Zero   RW         2234    .bss                calibrate_task.o
    0x20002f4d   COMPRESSED   0x00000003   PAD
    0x20002f50        -       0x0000018c   Zero   RW         2381    .bss                can_receive.o
    0x200030dc        -       0x000001b4   Zero   RW         2750    .bss                chassis_task.o
    0x20003290        -       0x0000021c   Zero   RW         2821    .bss                detect_task.o
    0x200034ac        -       0x000007a8   Zero   RW         2993    .bss                gimbal_task.o
    0x20003c54        -       0x0000014c   Zero   RW         3203    .bss                ins_task.o
    0x20003da0        -       0x000008a1   Zero   RW         3841    .bss                referee_usart_task.o
    0x20004641        -       0x0000005f   Zero   RW         3905    .bss                remote_control.o
    0x200046a0        -       0x00000100   Zero   RW         4042    .bss                usb_task.o
    0x200047a0        -       0x00000058   Zero   RW         4182    .bss                autoaim.o
    0x200047f8        -       0x00000417   Zero   RW         4267    .bss                oled.o
    0x20004c0f   COMPRESSED   0x00000001   PAD
    0x20004c10        -       0x00000020   Zero   RW         6145    .bss                stm32f4xx_hal_flash.o
    0x20004c30        -       0x00000040   Zero   RW        10423    .bss                queue.o
    0x20004c70        -       0x000000f0   Zero   RW        10785    .bss                tasks.o
    0x20004d60        -       0x00000110   Zero   RW        11100    .bss                timers.o
    0x20004e70        -       0x00006000   Zero   RW        11617    .bss                heap_4.o
    0x2000ae70        -       0x00000060   Zero   RW        12839    .bss                c_w.l(libspace.o)
    0x2000aed0        -       0x00002000   Zero   RW            2    HEAP                startup_stm32f407xx.o
    0x2000ced0        -       0x00002000   Zero   RW            1    STACK               startup_stm32f407xx.o


==============================================================================

Image component sizes


      Code (inc. data)   RO Data    RW Data    ZI Data      Debug   Object Name

       396         42          0          0        144       2362   adc.o
        48         10          0          0         88       2264   autoaim.o
       288         44          0          4         16     622752   bsp_adc.o
        36         12          0          0          0       1009   bsp_buzzer.o
        92          8          0          0          0        598   bsp_can.o
        48         16          0          8          0        685   bsp_delay.o
       694        108          0         16          0       4129   bsp_flash.o
      1260        100          0          0          0       5945   bsp_i2c.o
       104         22          0          8          0        600   bsp_led.o
       260         28          0          0          0       2015   bsp_rc.o
     10044        146          0          0          0       4942   bsp_spi.o
       116         12          0          0          0        521   bsp_usart.o
      1958        104         15         84        277      12744   calibrate_task.o
       488         44          0          4        240       3252   can.o
      1780        154          0         46        396     615993   can_receive.o
      1004         56          0         12          0       8184   chassis_behaviour.o
       766         44         12         32        436       9554   chassis_task.o
       130          0          0          0          0      22143   cmsis_os.o
        84         18          0          8          0       1503   crc.o
      1360         50         84          9        540       3941   detect_task.o
       184          6          0          0          0        854   dma.o
         0          0          0          0          0      17872   event_groups.o
       172          0          0          0          0       8378   fifo.o
       408         62        369         52       1704       5130   freertos.o
      2074        142          0         44          0       9560   gimbal_behaviour.o
      9250        768         84        396       1960      28145   gimbal_task.o
       620         34          0          0          0       1351   gpio.o
       492         32          0         24      24576       5007   heap_4.o
       700         80          0          0        348       3120   i2c.o
      3104        174          0        220        332      18577   ins_task.o
       432         10          0         28          0       1693   led_flow_task.o
       144          0          0          0          0       3658   list.o
       426         34          0          0         48     799335   main.o
      1092         56       4444          8       1047      11103   oled.o
       532         42       4452         23          0       3010   oled_task.o
       668         12          0          0          0       3102   pid.o
       814         92          0         12          0      12133   port.o
      1584         24          0          0         64      15204   queue.o
       296         24          0          2       2209       4295   referee_usart_task.o
       550         36          0          2         95       3311   remote_control.o
        84         18          0          0         16       1503   rng.o
        76         16          0          0         32       1451   rtc.o
        24          6          0          5          0       1730   servo_task.o
       604         54          0          0        368       2604   spi.o
        64         26        392          0      16384        848   startup_stm32f407xx.o
       188         30          0         12          0       4669   stm32f4xx_hal.o
      1234         44          0          0          0       5378   stm32f4xx_hal_adc.o
      2004          6          0          0          0      15239   stm32f4xx_hal_can.o
       208         16          0          0          0      33731   stm32f4xx_hal_cortex.o
        40          0          0          0          0       1087   stm32f4xx_hal_crc.o
       942         18          8          0          0       5031   stm32f4xx_hal_dma.o
       564         74          0          0         32       6198   stm32f4xx_hal_flash.o
       380         24          0          0          0       3422   stm32f4xx_hal_flash_ex.o
       578         28          0          0          0       3199   stm32f4xx_hal_gpio.o
      1544         34          0          0          0       8717   stm32f4xx_hal_i2c.o
        84          6          0          0          0        858   stm32f4xx_hal_msp.o
      2534         18          0          0          0      13709   stm32f4xx_hal_pcd.o
        84          0          0          0          0       2609   stm32f4xx_hal_pcd_ex.o
      1638        100          0          0          0       6504   stm32f4xx_hal_rcc.o
       380         34          0          0          0       1548   stm32f4xx_hal_rcc_ex.o
        52          0          0          0          0       1115   stm32f4xx_hal_rng.o
       312          0          0          0          0       2756   stm32f4xx_hal_rtc.o
       130          0          0          0          0       1203   stm32f4xx_hal_spi.o
      1450         46          0          0          0      13359   stm32f4xx_hal_tim.o
       180          0          0          0          0       2280   stm32f4xx_hal_tim_ex.o
      1662         20          0          0          0       8419   stm32f4xx_hal_uart.o
       192         42          0          0          0       8847   stm32f4xx_it.o
      2762        110          0          0          0      23734   stm32f4xx_ll_usb.o
       100         18         24          4          0       1191   system_stm32f4xx.o
      2504        214          0         60        240      28049   tasks.o
        24          6          0         10          0       1840   test_task.o
      2060        156          0          0        384       6863   tim.o
      1016         96          0         20        272      27579   timers.o
       944         90          0          0        672       3547   usart.o
        76         16          0          0        668       2515   usb_device.o
       364         24        304          8        256       2582   usb_task.o
       836         16          0        271          0      13922   usbd_cdc.o
       192         22          0         16       4096       3604   usbd_cdc_if.o
       990         18          0          0       1032      16020   usbd_conf.o
       736          0          0          0          0      13193   usbd_core.o
      1648         30          0          1          0      11964   usbd_ctlreq.o
       386        122          0         78        512       6753   usbd_desc.o
       132          0          0          0          0       4608   usbd_ioreq.o
       144          0          0          0          0       2434   user_lib.o
       336         72          0          8          0       2101   voltage_task.o

    ----------------------------------------------------------------------
     77052       4316      10228       1552      59488    2610487   Object Totals
         0          0         32          0          0          0   (incl. Generated)
        72          0          8         17          4          0   (incl. Padding)

    ----------------------------------------------------------------------

      Code (inc. data)   RO Data    RW Data    ZI Data      Debug   Library Member Name

         0          0       2052          0          0       4636   arm_common_tables.o
       120         12          0          0          0      16970   arm_cos_f32.o
       116         12          0          0          0        658   arm_sin_f32.o
        90          0          0          0          0          0   __dczerorl2.o
         8          0          0          0          0         68   __main.o
       392          4         17          0          0         92   __printf_flags_ss_wp.o
        14          0          0          0          0         68   __printf_wp.o
         0          0          0          0          0          0   __rtentry.o
        12          0          0          0          0          0   __rtentry2.o
         6          0          0          0          0          0   __rtentry4.o
        52          8          0          0          0          0   __scatter.o
        28          0          0          0          0          0   __scatter_zi.o
        48          4          0          0          0         84   _fptrap.o
         6          0          0          0          0          0   _printf_a.o
         6          0          0          0          0          0   _printf_c.o
        44          0          0          0          0        108   _printf_char.o
        48          6          0          0          0         96   _printf_char_common.o
        40          0          0          0          0         68   _printf_charcount.o
         6          0          0          0          0          0   _printf_d.o
       120         16          0          0          0         92   _printf_dec.o
         6          0          0          0          0          0   _printf_e.o
         6          0          0          0          0          0   _printf_f.o
      1050          0          0          0          0        216   _printf_fp_dec.o
       764          8         38          0          0        100   _printf_fp_hex.o
       128         16          0          0          0         84   _printf_fp_infnan.o
         6          0          0          0          0          0   _printf_g.o
       148          4         40          0          0        160   _printf_hex_int_ll_ptr.o
         6          0          0          0          0          0   _printf_i.o
       178          0          0          0          0         88   _printf_intcommon.o
        10          0          0          0          0          0   _printf_l.o
         6          0          0          0          0          0   _printf_lc.o
        10          0          0          0          0          0   _printf_ll.o
         6          0          0          0          0          0   _printf_lld.o
         6          0          0          0          0          0   _printf_lli.o
         6          0          0          0          0          0   _printf_llo.o
         6          0          0          0          0          0   _printf_llu.o
         6          0          0          0          0          0   _printf_llx.o
       124         16          0          0          0         92   _printf_longlong_dec.o
         6          0          0          0          0          0   _printf_ls.o
         6          0          0          0          0          0   _printf_n.o
         6          0          0          0          0          0   _printf_o.o
       112         10          0          0          0        124   _printf_oct_int_ll.o
         6          0          0          0          0          0   _printf_p.o
        78          0          0          0          0        108   _printf_pad.o
         0          0          0          0          0          0   _printf_percent.o
         4          0          0          0          0          0   _printf_percent_end.o
         6          0          0          0          0          0   _printf_s.o
        82          0          0          0          0         80   _printf_str.o
        36          0          0          0          0         84   _printf_truncate.o
         6          0          0          0          0          0   _printf_u.o
        44          0          0          0          0        108   _printf_wchar.o
       188          6          8          0          0         92   _printf_wctomb.o
         6          0          0          0          0          0   _printf_x.o
        10          0          0          0          0         68   _sputc.o
        64          0          0          0          0         92   _wcrtomb.o
        16          0          0          0          0         68   aeabi_memset.o
       220          4        148          0          0         96   bigflt0.o
      1910        128          0          0          0        672   btod.o
        10          0          0          0          0         68   defsig_exit.o
       172        110          0          0          0         76   defsig_fpe_inner.o
        14          0          0          0          0         80   defsig_fpe_outer.o
        50          0          0          0          0         88   defsig_general.o
        80         58          0          0          0         76   defsig_rtmem_inner.o
        14          0          0          0          0         80   defsig_rtmem_outer.o
        18          0          0          0          0         80   exit.o
        94          0          0          0          0         80   h1_alloc.o
        52          0          0          0          0         68   h1_extend.o
        78          0          0          0          0         80   h1_free.o
        14          0          0          0          0         84   h1_init.o
         6          0          0          0          0        152   heapauxi.o
         4          0          0          0          0        136   hguard.o
         0          0          0          0          0          0   indicate_semi.o
       138          0          0          0          0        168   init_alloc.o
        44         10        272          0          0         76   lc_ctype_c.o
        44         10         28          0          0         76   lc_numeric_c.o
         2          0          0          0          0          0   libinit.o
        42          0          0          0          0          0   libinit2.o
         2          0          0          0          0          0   libshutdown.o
         2          0          0          0          0          0   libshutdown2.o
         8          4          0          0         96         68   libspace.o
       138          0          0          0          0         80   lludiv10.o
       238          0          0          0          0        100   lludivv7m.o
         0          0          0          0          0          0   maybetermalloc1.o
        16          4          0          0          0         76   rt_ctype_table.o
         8          4          0          0          0         68   rt_heap_descriptor_intlibspace.o
         8          4          0          0          0         68   rt_locale_intlibspace.o
        68          0          0          0          0         68   rt_memclr.o
        78          0          0          0          0         80   rt_memclr_w.o
       138          0          0          0          0         68   rt_memcpy_v6.o
       100          0          0          0          0         80   rt_memcpy_w.o
         2          0          0          0          0          0   rtexit.o
        10          0          0          0          0          0   rtexit2.o
       128          0          0          0          0         68   strcmpv7m.o
        12          4          0          0          0         68   sys_exit.o
        74          0          0          0          0         80   sys_stackheap_outer.o
        14          0          0          0          0         76   sys_wrch.o
         2          0          0          0          0         68   use_no_semi.o
        36          4          0          0          0         76   vsprintf.o
       708         16          0          0          0        140   d2f_clz.o
      1256         28          0          0          0        408   daddsub_clz.o
        24          0          0          0          0        116   dcmpi.o
       892        152          0          0          0        292   ddiv_clz.o
        72          0          0          0          0        232   dflt_clz.o
       120          8          0          0          0        140   dleqf.o
       448         16          0          0          0        164   dmul_clz.o
       258          4          0          0          0        156   dnaninf.o
       112          0          0          0          0        160   drenorm_clz.o
        12          0          0          0          0        116   dretinf.o
        98          0          0          0          0        128   drleqf.o
       378          0          0          0          0        168   dunder_clz.o
       492         36          0          0          0        148   except.o
       122          8          0          0          0        132   f2d.o
       242          4          0          0          0        144   fnaninf.o
        10          0          0          0          0        116   fpinit.o
        10          0          0          0          0        116   fretinf.o
       316          0          0          0          0        132   funder_clz.o
        32          4          0          0          0        116   istatus.o
         4          0          0          0          0        116   printf1.o
         4          0          0          0          0        116   printf2.o
       178          0          0          0          0        116   retnan.o
       126          0          0          0          0        148   trapv.o
         0          0          0          0          0          0   usenofp.o
        20          0          0          0          0        124   fabs.o
        48          0          0          0          0        124   fpclassify.o

    ----------------------------------------------------------------------
     14396        742       2604          0         96      31800   Library Totals
        22          0          1          0          0          0   (incl. Padding)

    ----------------------------------------------------------------------

      Code (inc. data)   RO Data    RW Data    ZI Data      Debug   Library Name

       236         24       2052          0          0      22264   arm_cortexM4lf_math.lib
      8156        442        551          0         96       5668   c_w.l
      5914        276          0          0          0       3620   g_wm.l
        68          0          0          0          0        248   m_wm.l

    ----------------------------------------------------------------------
     14396        742       2604          0         96      31800   Library Totals

    ----------------------------------------------------------------------

==============================================================================


      Code (inc. data)   RO Data    RW Data    ZI Data      Debug   

     91448       5058      12832       1552      59584    2585463   Grand Totals
     91448       5058      12832        500      59584    2585463   ELF Image Totals (compressed)
     91448       5058      12832        500          0          0   ROM Totals

==============================================================================

    Total RO  Size (Code + RO Data)               104280 ( 101.84kB)
    Total RW  Size (RW Data + ZI Data)             61136 (  59.70kB)
    Total ROM Size (Code + RO Data + RW Data)     104780 ( 102.32kB)

==============================================================================

